<?xml version="1.0" encoding="UTF-8"?>
<testsuites>
  <testsuite name="/app/phpunit-ci.xml" tests="225" assertions="3039" errors="0" failures="0" skipped="0" time="38.555114">
    <testsuite name="Unit" tests="39" assertions="64" errors="0" failures="0" skipped="0" time="1.462552">
      <testsuite name="Tests\Unit\Playground\Cms\Resource\Http\Requests\FormRequest\InstanceTest" file="/app/tests/Unit/Http/Requests/FormRequest/InstanceTest.php" tests="5" assertions="6" errors="0" failures="0" skipped="0" time="0.321720">
        <testcase name="test_form_request_authorize_without_user" file="/app/tests/Unit/Http/Requests/FormRequest/InstanceTest.php" line="23" class="Tests\Unit\Playground\Cms\Resource\Http\Requests\FormRequest\InstanceTest" classname="Tests.Unit.Playground.Cms.Resource.Http.Requests.FormRequest.InstanceTest" assertions="1" time="0.154633"/>
        <testcase name="test_rules_is_empty_by_default" file="/app/tests/Unit/Http/Requests/FormRequest/InstanceTest.php" line="30" class="Tests\Unit\Playground\Cms\Resource\Http\Requests\FormRequest\InstanceTest" classname="Tests.Unit.Playground.Cms.Resource.Http.Requests.FormRequest.InstanceTest" assertions="2" time="0.038306"/>
        <testcase name="test_user_has_admin_privileges_without_user" file="/app/tests/Unit/Http/Requests/FormRequest/InstanceTest.php" line="38" class="Tests\Unit\Playground\Cms\Resource\Http\Requests\FormRequest\InstanceTest" classname="Tests.Unit.Playground.Cms.Resource.Http.Requests.FormRequest.InstanceTest" assertions="1" time="0.034947"/>
        <testcase name="test_user_has_admin_privileges_with_admin" file="/app/tests/Unit/Http/Requests/FormRequest/InstanceTest.php" line="45" class="Tests\Unit\Playground\Cms\Resource\Http\Requests\FormRequest\InstanceTest" classname="Tests.Unit.Playground.Cms.Resource.Http.Requests.FormRequest.InstanceTest" assertions="1" time="0.053668"/>
        <testcase name="test_user_has_admin_privileges_with_default_laravel_user" file="/app/tests/Unit/Http/Requests/FormRequest/InstanceTest.php" line="57" class="Tests\Unit\Playground\Cms\Resource\Http\Requests\FormRequest\InstanceTest" classname="Tests.Unit.Playground.Cms.Resource.Http.Requests.FormRequest.InstanceTest" assertions="1" time="0.040166"/>
      </testsuite>
      <testsuite name="Tests\Unit\Playground\Cms\Resource\Http\Requests\Page\CreateRequestTest" file="/app/tests/Unit/Http/Requests/Page/CreateRequestTest.php" tests="1" assertions="1" errors="0" failures="0" skipped="0" time="0.035506">
        <testcase name="test_request_instance" file="/app/vendor/gammamatrix/playground-test/src/Unit/Http/Requests/RequestCase.php" line="42" class="Tests\Unit\Playground\Cms\Resource\Http\Requests\Page\CreateRequestTest" classname="Tests.Unit.Playground.Cms.Resource.Http.Requests.Page.CreateRequestTest" assertions="1" time="0.035506"/>
      </testsuite>
      <testsuite name="Tests\Unit\Playground\Cms\Resource\Http\Requests\Page\DestroyRequestTest" file="/app/tests/Unit/Http/Requests/Page/DestroyRequestTest.php" tests="1" assertions="1" errors="0" failures="0" skipped="0" time="0.033957">
        <testcase name="test_request_instance" file="/app/vendor/gammamatrix/playground-test/src/Unit/Http/Requests/RequestCase.php" line="42" class="Tests\Unit\Playground\Cms\Resource\Http\Requests\Page\DestroyRequestTest" classname="Tests.Unit.Playground.Cms.Resource.Http.Requests.Page.DestroyRequestTest" assertions="1" time="0.033957"/>
      </testsuite>
      <testsuite name="Tests\Unit\Playground\Cms\Resource\Http\Requests\Page\EditRequestTest" file="/app/tests/Unit/Http/Requests/Page/EditRequestTest.php" tests="1" assertions="1" errors="0" failures="0" skipped="0" time="0.033523">
        <testcase name="test_request_instance" file="/app/vendor/gammamatrix/playground-test/src/Unit/Http/Requests/RequestCase.php" line="42" class="Tests\Unit\Playground\Cms\Resource\Http\Requests\Page\EditRequestTest" classname="Tests.Unit.Playground.Cms.Resource.Http.Requests.Page.EditRequestTest" assertions="1" time="0.033523"/>
      </testsuite>
      <testsuite name="Tests\Unit\Playground\Cms\Resource\Http\Requests\Page\IndexRequestTest" file="/app/tests/Unit/Http/Requests/Page/IndexRequestTest.php" tests="1" assertions="1" errors="0" failures="0" skipped="0" time="0.035623">
        <testcase name="test_request_instance" file="/app/vendor/gammamatrix/playground-test/src/Unit/Http/Requests/RequestCase.php" line="42" class="Tests\Unit\Playground\Cms\Resource\Http\Requests\Page\IndexRequestTest" classname="Tests.Unit.Playground.Cms.Resource.Http.Requests.Page.IndexRequestTest" assertions="1" time="0.035623"/>
      </testsuite>
      <testsuite name="Tests\Unit\Playground\Cms\Resource\Http\Requests\Page\LockRequestTest" file="/app/tests/Unit/Http/Requests/Page/LockRequestTest.php" tests="1" assertions="1" errors="0" failures="0" skipped="0" time="0.034904">
        <testcase name="test_request_instance" file="/app/vendor/gammamatrix/playground-test/src/Unit/Http/Requests/RequestCase.php" line="42" class="Tests\Unit\Playground\Cms\Resource\Http\Requests\Page\LockRequestTest" classname="Tests.Unit.Playground.Cms.Resource.Http.Requests.Page.LockRequestTest" assertions="1" time="0.034904"/>
      </testsuite>
      <testsuite name="Tests\Unit\Playground\Cms\Resource\Http\Requests\Page\RestoreRequestTest" file="/app/tests/Unit/Http/Requests/Page/RestoreRequestTest.php" tests="1" assertions="1" errors="0" failures="0" skipped="0" time="0.033885">
        <testcase name="test_request_instance" file="/app/vendor/gammamatrix/playground-test/src/Unit/Http/Requests/RequestCase.php" line="42" class="Tests\Unit\Playground\Cms\Resource\Http\Requests\Page\RestoreRequestTest" classname="Tests.Unit.Playground.Cms.Resource.Http.Requests.Page.RestoreRequestTest" assertions="1" time="0.033885"/>
      </testsuite>
      <testsuite name="Tests\Unit\Playground\Cms\Resource\Http\Requests\Page\ShowRequestTest" file="/app/tests/Unit/Http/Requests/Page/ShowRequestTest.php" tests="1" assertions="1" errors="0" failures="0" skipped="0" time="0.033440">
        <testcase name="test_request_instance" file="/app/vendor/gammamatrix/playground-test/src/Unit/Http/Requests/RequestCase.php" line="42" class="Tests\Unit\Playground\Cms\Resource\Http\Requests\Page\ShowRequestTest" classname="Tests.Unit.Playground.Cms.Resource.Http.Requests.Page.ShowRequestTest" assertions="1" time="0.033440"/>
      </testsuite>
      <testsuite name="Tests\Unit\Playground\Cms\Resource\Http\Requests\Page\StoreRequestTest" file="/app/tests/Unit/Http/Requests/Page/StoreRequestTest.php" tests="3" assertions="8" errors="0" failures="0" skipped="0" time="0.102772">
        <testcase name="test_request_instance" file="/app/vendor/gammamatrix/playground-test/src/Unit/Http/Requests/RequestCase.php" line="42" class="Tests\Unit\Playground\Cms\Resource\Http\Requests\Page\StoreRequestTest" classname="Tests.Unit.Playground.Cms.Resource.Http.Requests.Page.StoreRequestTest" assertions="1" time="0.034468"/>
        <testcase name="test_store_request_rules_with_optional_revisions_disabled" file="/app/tests/Unit/Http/Requests/Page/StoreRequestTest.php" line="21" class="Tests\Unit\Playground\Cms\Resource\Http\Requests\Page\StoreRequestTest" classname="Tests.Unit.Playground.Cms.Resource.Http.Requests.Page.StoreRequestTest" assertions="3" time="0.034136"/>
        <testcase name="test_store_request_rules_with_optional_revisions_enabled" file="/app/tests/Unit/Http/Requests/Page/StoreRequestTest.php" line="31" class="Tests\Unit\Playground\Cms\Resource\Http\Requests\Page\StoreRequestTest" classname="Tests.Unit.Playground.Cms.Resource.Http.Requests.Page.StoreRequestTest" assertions="4" time="0.034168"/>
      </testsuite>
      <testsuite name="Tests\Unit\Playground\Cms\Resource\Http\Requests\Page\UnlockRequestTest" file="/app/tests/Unit/Http/Requests/Page/UnlockRequestTest.php" tests="1" assertions="1" errors="0" failures="0" skipped="0" time="0.033548">
        <testcase name="test_request_instance" file="/app/vendor/gammamatrix/playground-test/src/Unit/Http/Requests/RequestCase.php" line="42" class="Tests\Unit\Playground\Cms\Resource\Http\Requests\Page\UnlockRequestTest" classname="Tests.Unit.Playground.Cms.Resource.Http.Requests.Page.UnlockRequestTest" assertions="1" time="0.033548"/>
      </testsuite>
      <testsuite name="Tests\Unit\Playground\Cms\Resource\Http\Requests\Page\UpdateRequestTest" file="/app/tests/Unit/Http/Requests/Page/UpdateRequestTest.php" tests="3" assertions="8" errors="0" failures="0" skipped="0" time="0.101752">
        <testcase name="test_request_instance" file="/app/vendor/gammamatrix/playground-test/src/Unit/Http/Requests/RequestCase.php" line="42" class="Tests\Unit\Playground\Cms\Resource\Http\Requests\Page\UpdateRequestTest" classname="Tests.Unit.Playground.Cms.Resource.Http.Requests.Page.UpdateRequestTest" assertions="1" time="0.034415"/>
        <testcase name="test_update_request_rules_with_optional_revisions_disabled" file="/app/tests/Unit/Http/Requests/Page/UpdateRequestTest.php" line="21" class="Tests\Unit\Playground\Cms\Resource\Http\Requests\Page\UpdateRequestTest" classname="Tests.Unit.Playground.Cms.Resource.Http.Requests.Page.UpdateRequestTest" assertions="3" time="0.033370"/>
        <testcase name="test_update_request_rules_with_optional_revisions_enabled" file="/app/tests/Unit/Http/Requests/Page/UpdateRequestTest.php" line="31" class="Tests\Unit\Playground\Cms\Resource\Http\Requests\Page\UpdateRequestTest" classname="Tests.Unit.Playground.Cms.Resource.Http.Requests.Page.UpdateRequestTest" assertions="4" time="0.033967"/>
      </testsuite>
      <testsuite name="Tests\Unit\Playground\Cms\Resource\Http\Requests\Snippet\CreateRequestTest" file="/app/tests/Unit/Http/Requests/Snippet/CreateRequestTest.php" tests="1" assertions="1" errors="0" failures="0" skipped="0" time="0.033966">
        <testcase name="test_request_instance" file="/app/vendor/gammamatrix/playground-test/src/Unit/Http/Requests/RequestCase.php" line="42" class="Tests\Unit\Playground\Cms\Resource\Http\Requests\Snippet\CreateRequestTest" classname="Tests.Unit.Playground.Cms.Resource.Http.Requests.Snippet.CreateRequestTest" assertions="1" time="0.033966"/>
      </testsuite>
      <testsuite name="Tests\Unit\Playground\Cms\Resource\Http\Requests\Snippet\DestroyRequestTest" file="/app/tests/Unit/Http/Requests/Snippet/DestroyRequestTest.php" tests="1" assertions="1" errors="0" failures="0" skipped="0" time="0.032442">
        <testcase name="test_request_instance" file="/app/vendor/gammamatrix/playground-test/src/Unit/Http/Requests/RequestCase.php" line="42" class="Tests\Unit\Playground\Cms\Resource\Http\Requests\Snippet\DestroyRequestTest" classname="Tests.Unit.Playground.Cms.Resource.Http.Requests.Snippet.DestroyRequestTest" assertions="1" time="0.032442"/>
      </testsuite>
      <testsuite name="Tests\Unit\Playground\Cms\Resource\Http\Requests\Snippet\EditRequestTest" file="/app/tests/Unit/Http/Requests/Snippet/EditRequestTest.php" tests="1" assertions="1" errors="0" failures="0" skipped="0" time="0.033408">
        <testcase name="test_request_instance" file="/app/vendor/gammamatrix/playground-test/src/Unit/Http/Requests/RequestCase.php" line="42" class="Tests\Unit\Playground\Cms\Resource\Http\Requests\Snippet\EditRequestTest" classname="Tests.Unit.Playground.Cms.Resource.Http.Requests.Snippet.EditRequestTest" assertions="1" time="0.033408"/>
      </testsuite>
      <testsuite name="Tests\Unit\Playground\Cms\Resource\Http\Requests\Snippet\IndexRequestTest" file="/app/tests/Unit/Http/Requests/Snippet/IndexRequestTest.php" tests="1" assertions="1" errors="0" failures="0" skipped="0" time="0.032702">
        <testcase name="test_request_instance" file="/app/vendor/gammamatrix/playground-test/src/Unit/Http/Requests/RequestCase.php" line="42" class="Tests\Unit\Playground\Cms\Resource\Http\Requests\Snippet\IndexRequestTest" classname="Tests.Unit.Playground.Cms.Resource.Http.Requests.Snippet.IndexRequestTest" assertions="1" time="0.032702"/>
      </testsuite>
      <testsuite name="Tests\Unit\Playground\Cms\Resource\Http\Requests\Snippet\LockRequestTest" file="/app/tests/Unit/Http/Requests/Snippet/LockRequestTest.php" tests="1" assertions="1" errors="0" failures="0" skipped="0" time="0.032222">
        <testcase name="test_request_instance" file="/app/vendor/gammamatrix/playground-test/src/Unit/Http/Requests/RequestCase.php" line="42" class="Tests\Unit\Playground\Cms\Resource\Http\Requests\Snippet\LockRequestTest" classname="Tests.Unit.Playground.Cms.Resource.Http.Requests.Snippet.LockRequestTest" assertions="1" time="0.032222"/>
      </testsuite>
      <testsuite name="Tests\Unit\Playground\Cms\Resource\Http\Requests\Snippet\RestoreRequestTest" file="/app/tests/Unit/Http/Requests/Snippet/RestoreRequestTest.php" tests="1" assertions="1" errors="0" failures="0" skipped="0" time="0.032180">
        <testcase name="test_request_instance" file="/app/vendor/gammamatrix/playground-test/src/Unit/Http/Requests/RequestCase.php" line="42" class="Tests\Unit\Playground\Cms\Resource\Http\Requests\Snippet\RestoreRequestTest" classname="Tests.Unit.Playground.Cms.Resource.Http.Requests.Snippet.RestoreRequestTest" assertions="1" time="0.032180"/>
      </testsuite>
      <testsuite name="Tests\Unit\Playground\Cms\Resource\Http\Requests\Snippet\ShowRequestTest" file="/app/tests/Unit/Http/Requests/Snippet/ShowRequestTest.php" tests="1" assertions="1" errors="0" failures="0" skipped="0" time="0.032187">
        <testcase name="test_request_instance" file="/app/vendor/gammamatrix/playground-test/src/Unit/Http/Requests/RequestCase.php" line="42" class="Tests\Unit\Playground\Cms\Resource\Http\Requests\Snippet\ShowRequestTest" classname="Tests.Unit.Playground.Cms.Resource.Http.Requests.Snippet.ShowRequestTest" assertions="1" time="0.032187"/>
      </testsuite>
      <testsuite name="Tests\Unit\Playground\Cms\Resource\Http\Requests\Snippet\StoreRequestTest" file="/app/tests/Unit/Http/Requests/Snippet/StoreRequestTest.php" tests="3" assertions="8" errors="0" failures="0" skipped="0" time="0.099166">
        <testcase name="test_request_instance" file="/app/vendor/gammamatrix/playground-test/src/Unit/Http/Requests/RequestCase.php" line="42" class="Tests\Unit\Playground\Cms\Resource\Http\Requests\Snippet\StoreRequestTest" classname="Tests.Unit.Playground.Cms.Resource.Http.Requests.Snippet.StoreRequestTest" assertions="1" time="0.033086"/>
        <testcase name="test_store_request_rules_with_optional_revisions_disabled" file="/app/tests/Unit/Http/Requests/Snippet/StoreRequestTest.php" line="21" class="Tests\Unit\Playground\Cms\Resource\Http\Requests\Snippet\StoreRequestTest" classname="Tests.Unit.Playground.Cms.Resource.Http.Requests.Snippet.StoreRequestTest" assertions="3" time="0.033144"/>
        <testcase name="test_store_request_rules_with_optional_revisions_enabled" file="/app/tests/Unit/Http/Requests/Snippet/StoreRequestTest.php" line="31" class="Tests\Unit\Playground\Cms\Resource\Http\Requests\Snippet\StoreRequestTest" classname="Tests.Unit.Playground.Cms.Resource.Http.Requests.Snippet.StoreRequestTest" assertions="4" time="0.032935"/>
      </testsuite>
      <testsuite name="Tests\Unit\Playground\Cms\Resource\Http\Requests\Snippet\UnlockRequestTest" file="/app/tests/Unit/Http/Requests/Snippet/UnlockRequestTest.php" tests="1" assertions="1" errors="0" failures="0" skipped="0" time="0.032889">
        <testcase name="test_request_instance" file="/app/vendor/gammamatrix/playground-test/src/Unit/Http/Requests/RequestCase.php" line="42" class="Tests\Unit\Playground\Cms\Resource\Http\Requests\Snippet\UnlockRequestTest" classname="Tests.Unit.Playground.Cms.Resource.Http.Requests.Snippet.UnlockRequestTest" assertions="1" time="0.032889"/>
      </testsuite>
      <testsuite name="Tests\Unit\Playground\Cms\Resource\Http\Requests\Snippet\UpdateRequestTest" file="/app/tests/Unit/Http/Requests/Snippet/UpdateRequestTest.php" tests="3" assertions="8" errors="0" failures="0" skipped="0" time="0.098306">
        <testcase name="test_request_instance" file="/app/vendor/gammamatrix/playground-test/src/Unit/Http/Requests/RequestCase.php" line="42" class="Tests\Unit\Playground\Cms\Resource\Http\Requests\Snippet\UpdateRequestTest" classname="Tests.Unit.Playground.Cms.Resource.Http.Requests.Snippet.UpdateRequestTest" assertions="1" time="0.032751"/>
        <testcase name="test_update_request_rules_with_optional_revisions_disabled" file="/app/tests/Unit/Http/Requests/Snippet/UpdateRequestTest.php" line="21" class="Tests\Unit\Playground\Cms\Resource\Http\Requests\Snippet\UpdateRequestTest" classname="Tests.Unit.Playground.Cms.Resource.Http.Requests.Snippet.UpdateRequestTest" assertions="3" time="0.032336"/>
        <testcase name="test_update_request_rules_with_optional_revisions_enabled" file="/app/tests/Unit/Http/Requests/Snippet/UpdateRequestTest.php" line="31" class="Tests\Unit\Playground\Cms\Resource\Http\Requests\Snippet\UpdateRequestTest" classname="Tests.Unit.Playground.Cms.Resource.Http.Requests.Snippet.UpdateRequestTest" assertions="4" time="0.033218"/>
      </testsuite>
      <testsuite name="Tests\Unit\Playground\Cms\Resource\Policies\PagePolicy\PolicyTest" file="/app/tests/Unit/Policies/PagePolicy/PolicyTest.php" tests="1" assertions="1" errors="0" failures="0" skipped="0" time="0.039495">
        <testcase name="test_policy_instance" file="/app/tests/Unit/Policies/PagePolicy/PolicyTest.php" line="21" class="Tests\Unit\Playground\Cms\Resource\Policies\PagePolicy\PolicyTest" classname="Tests.Unit.Playground.Cms.Resource.Policies.PagePolicy.PolicyTest" assertions="1" time="0.039495"/>
      </testsuite>
      <testsuite name="Tests\Unit\Playground\Cms\Resource\Policies\SnippetPolicy\PolicyTest" file="/app/tests/Unit/Policies/SnippetPolicy/PolicyTest.php" tests="1" assertions="1" errors="0" failures="0" skipped="0" time="0.031940">
        <testcase name="test_policy_instance" file="/app/tests/Unit/Policies/SnippetPolicy/PolicyTest.php" line="21" class="Tests\Unit\Playground\Cms\Resource\Policies\SnippetPolicy\PolicyTest" classname="Tests.Unit.Playground.Cms.Resource.Policies.SnippetPolicy.PolicyTest" assertions="1" time="0.031940"/>
      </testsuite>
      <testsuite name="Tests\Unit\Playground\Cms\Resource\ServiceProvider\InstanceTest" file="/app/tests/Unit/ServiceProvider/InstanceTest.php" tests="4" assertions="8" errors="0" failures="0" skipped="0" time="0.131020">
        <testcase name="test_version_matches" file="/app/tests/Unit/ServiceProvider/InstanceTest.php" line="22" class="Tests\Unit\Playground\Cms\Resource\ServiceProvider\InstanceTest" classname="Tests.Unit.Playground.Cms.Resource.ServiceProvider.InstanceTest" assertions="3" time="0.031953"/>
        <testcase name="test_set_policies_with_empty_array" file="/app/tests/Unit/ServiceProvider/InstanceTest.php" line="32" class="Tests\Unit\Playground\Cms\Resource\ServiceProvider\InstanceTest" classname="Tests.Unit.Playground.Cms.Resource.ServiceProvider.InstanceTest" assertions="1" time="0.032777"/>
        <testcase name="test_set_policies_with_invalid_model" file="/app/tests/Unit/ServiceProvider/InstanceTest.php" line="46" class="Tests\Unit\Playground\Cms\Resource\ServiceProvider\InstanceTest" classname="Tests.Unit.Playground.Cms.Resource.ServiceProvider.InstanceTest" assertions="2" time="0.033279"/>
        <testcase name="test_set_policies_with_invalid_policy" file="/app/tests/Unit/ServiceProvider/InstanceTest.php" line="77" class="Tests\Unit\Playground\Cms\Resource\ServiceProvider\InstanceTest" classname="Tests.Unit.Playground.Cms.Resource.ServiceProvider.InstanceTest" assertions="2" time="0.033011"/>
      </testsuite>
    </testsuite>
    <testsuite name="Feature" tests="186" assertions="2975" errors="0" failures="0" skipped="0" time="37.092562">
      <testsuite name="Tests\Feature\Playground\Cms\Resource\Console\Commands\About\CommandTest" file="/app/tests/Feature/Console/Commands/About/CommandTest.php" tests="1" assertions="2" errors="0" failures="0" skipped="0" time="0.373478">
        <testcase name="test_command_about_displays_package_information_and_succeed" file="/app/tests/Feature/Console/Commands/About/CommandTest.php" line="23" class="Tests\Feature\Playground\Cms\Resource\Console\Commands\About\CommandTest" classname="Tests.Feature.Playground.Cms.Resource.Console.Commands.About.CommandTest" assertions="2" time="0.373478"/>
      </testsuite>
      <testsuite name="Tests\Feature\Playground\Cms\Resource\Http\Controllers\Playground\IndexRouteTest" file="/app/tests/Feature/Http/Controllers/Playground/IndexRouteTest.php" tests="2" assertions="3" errors="0" failures="0" skipped="0" time="0.372020">
        <testcase name="test_guest_cannot_render_index_view" file="/app/tests/Feature/Http/Controllers/Playground/IndexRouteTest.php" line="21" class="Tests\Feature\Playground\Cms\Resource\Http\Controllers\Playground\IndexRouteTest" classname="Tests.Feature.Playground.Cms.Resource.Http.Controllers.Playground.IndexRouteTest" assertions="1" time="0.178392"/>
        <testcase name="test_admin_can_render_index_view" file="/app/tests/Feature/Http/Controllers/Playground/IndexRouteTest.php" line="30" class="Tests\Feature\Playground\Cms\Resource\Http\Controllers\Playground\IndexRouteTest" classname="Tests.Feature.Playground.Cms.Resource.Http.Controllers.Playground.IndexRouteTest" assertions="2" time="0.193628"/>
      </testsuite>
      <testsuite name="Tests\Feature\Playground\Cms\Resource\Http\Controllers\Playground\PageRouteTest" file="/app/tests/Feature/Http/Controllers/Playground/PageRouteTest.php" tests="91" assertions="1530" errors="0" failures="0" skipped="0" time="18.210168">
        <testcase name="test_json_guest_cannot_get_create_info" file="/app/vendor/gammamatrix/playground-test/src/Feature/Http/Controllers/Resource/Playground/CreateJsonTrait.php" line="39" class="Tests\Feature\Playground\Cms\Resource\Http\Controllers\Playground\PageRouteTest" classname="Tests.Feature.Playground.Cms.Resource.Http.Controllers.Playground.PageRouteTest" assertions="1" time="0.160352"/>
        <testcase name="test_json_admin_can_get_create_info" file="/app/vendor/gammamatrix/playground-test/src/Feature/Http/Controllers/Resource/Playground/CreateJsonTrait.php" line="54" class="Tests\Feature\Playground\Cms\Resource\Http\Controllers\Playground\PageRouteTest" classname="Tests.Feature.Playground.Cms.Resource.Http.Controllers.Playground.PageRouteTest" assertions="97" time="0.180401"/>
        <testcase name="test_json_get_create_info_as_admin_with_invalid_parameter_and_fail_validation" file="/app/vendor/gammamatrix/playground-test/src/Feature/Http/Controllers/Resource/Playground/CreateJsonTrait.php" line="74" class="Tests\Feature\Playground\Cms\Resource\Http\Controllers\Playground\PageRouteTest" classname="Tests.Feature.Playground.Cms.Resource.Http.Controllers.Playground.PageRouteTest" assertions="4" time="0.170943"/>
        <testcase name="test_guest_cannot_render_create_view" file="/app/vendor/gammamatrix/playground-test/src/Feature/Http/Controllers/Resource/Playground/CreateTrait.php" line="34" class="Tests\Feature\Playground\Cms\Resource\Http\Controllers\Playground\PageRouteTest" classname="Tests.Feature.Playground.Cms.Resource.Http.Controllers.Playground.PageRouteTest" assertions="1" time="0.159080"/>
        <testcase name="test_admin_can_render_create_view" file="/app/vendor/gammamatrix/playground-test/src/Feature/Http/Controllers/Resource/Playground/CreateTrait.php" line="48" class="Tests\Feature\Playground\Cms\Resource\Http\Controllers\Playground\PageRouteTest" classname="Tests.Feature.Playground.Cms.Resource.Http.Controllers.Playground.PageRouteTest" assertions="2" time="0.228505"/>
        <testcase name="test_admin_can_render_create_view_with_return_url" file="/app/vendor/gammamatrix/playground-test/src/Feature/Http/Controllers/Resource/Playground/CreateTrait.php" line="66" class="Tests\Feature\Playground\Cms\Resource\Http\Controllers\Playground\PageRouteTest" classname="Tests.Feature.Playground.Cms.Resource.Http.Controllers.Playground.PageRouteTest" assertions="3" time="0.203578"/>
        <testcase name="test_create_view_as_admin_with_invalid_parameter_and_fail_validation_and_redirect" file="/app/vendor/gammamatrix/playground-test/src/Feature/Http/Controllers/Resource/Playground/CreateTrait.php" line="90" class="Tests\Feature\Playground\Cms\Resource\Http\Controllers\Playground\PageRouteTest" classname="Tests.Feature.Playground.Cms.Resource.Http.Controllers.Playground.PageRouteTest" assertions="5" time="0.171402"/>
        <testcase name="test_json_guest_cannot_destroy" file="/app/vendor/gammamatrix/playground-test/src/Feature/Http/Controllers/Resource/Playground/DestroyJsonTrait.php" line="32" class="Tests\Feature\Playground\Cms\Resource\Http\Controllers\Playground\PageRouteTest" classname="Tests.Feature.Playground.Cms.Resource.Http.Controllers.Playground.PageRouteTest" assertions="3" time="0.170380"/>
        <testcase name="test_json_destroy_as_admin_and_succeed" file="/app/vendor/gammamatrix/playground-test/src/Feature/Http/Controllers/Resource/Playground/DestroyJsonTrait.php" line="62" class="Tests\Feature\Playground\Cms\Resource\Http\Controllers\Playground\PageRouteTest" classname="Tests.Feature.Playground.Cms.Resource.Http.Controllers.Playground.PageRouteTest" assertions="5" time="0.185582"/>
        <testcase name="test_json_destroy_as_admin_and_succeed_with_force_delete" file="/app/vendor/gammamatrix/playground-test/src/Feature/Http/Controllers/Resource/Playground/DestroyJsonTrait.php" line="101" class="Tests\Feature\Playground\Cms\Resource\Http\Controllers\Playground\PageRouteTest" classname="Tests.Feature.Playground.Cms.Resource.Http.Controllers.Playground.PageRouteTest" assertions="4" time="0.180295"/>
        <testcase name="test_json_destroy_as_admin_and_succeed_with_no_content" file="/app/vendor/gammamatrix/playground-test/src/Feature/Http/Controllers/Resource/Playground/DestroyJsonTrait.php" line="133" class="Tests\Feature\Playground\Cms\Resource\Http\Controllers\Playground\PageRouteTest" classname="Tests.Feature.Playground.Cms.Resource.Http.Controllers.Playground.PageRouteTest" assertions="5" time="0.184956"/>
        <testcase name="test_json_destroy_as_admin_and_succeed_and_ignore_redirect" file="/app/vendor/gammamatrix/playground-test/src/Feature/Http/Controllers/Resource/Playground/DestroyJsonTrait.php" line="168" class="Tests\Feature\Playground\Cms\Resource\Http\Controllers\Playground\PageRouteTest" classname="Tests.Feature.Playground.Cms.Resource.Http.Controllers.Playground.PageRouteTest" assertions="5" time="0.184341"/>
        <testcase name="test_json_destroy_as_user_and_get_denied_and_no_force_delete_allowed" file="/app/vendor/gammamatrix/playground-test/src/Feature/Http/Controllers/Resource/Playground/DestroyJsonTrait.php" line="210" class="Tests\Feature\Playground\Cms\Resource\Http\Controllers\Playground\PageRouteTest" classname="Tests.Feature.Playground.Cms.Resource.Http.Controllers.Playground.PageRouteTest" assertions="3" time="0.175970"/>
        <testcase name="test_guest_cannot_destroy" file="/app/vendor/gammamatrix/playground-test/src/Feature/Http/Controllers/Resource/Playground/DestroyTrait.php" line="32" class="Tests\Feature\Playground\Cms\Resource\Http\Controllers\Playground\PageRouteTest" classname="Tests.Feature.Playground.Cms.Resource.Http.Controllers.Playground.PageRouteTest" assertions="3" time="0.167865"/>
        <testcase name="test_destroy_as_admin_and_succeed" file="/app/vendor/gammamatrix/playground-test/src/Feature/Http/Controllers/Resource/Playground/DestroyTrait.php" line="62" class="Tests\Feature\Playground\Cms\Resource\Http\Controllers\Playground\PageRouteTest" classname="Tests.Feature.Playground.Cms.Resource.Http.Controllers.Playground.PageRouteTest" assertions="5" time="0.179635"/>
        <testcase name="test_destroy_as_admin_and_succeed_with_force_delete" file="/app/vendor/gammamatrix/playground-test/src/Feature/Http/Controllers/Resource/Playground/DestroyTrait.php" line="98" class="Tests\Feature\Playground\Cms\Resource\Http\Controllers\Playground\PageRouteTest" classname="Tests.Feature.Playground.Cms.Resource.Http.Controllers.Playground.PageRouteTest" assertions="4" time="0.180465"/>
        <testcase name="test_destroy_as_admin_and_succeed_with_redirect_to_index_with_trash" file="/app/vendor/gammamatrix/playground-test/src/Feature/Http/Controllers/Resource/Playground/DestroyTrait.php" line="130" class="Tests\Feature\Playground\Cms\Resource\Http\Controllers\Playground\PageRouteTest" classname="Tests.Feature.Playground.Cms.Resource.Http.Controllers.Playground.PageRouteTest" assertions="5" time="0.179384"/>
        <testcase name="test_destroy_as_user_and_get_denied_and_no_force_delete_allowed" file="/app/vendor/gammamatrix/playground-test/src/Feature/Http/Controllers/Resource/Playground/DestroyTrait.php" line="172" class="Tests\Feature\Playground\Cms\Resource\Http\Controllers\Playground\PageRouteTest" classname="Tests.Feature.Playground.Cms.Resource.Http.Controllers.Playground.PageRouteTest" assertions="3" time="0.180539"/>
        <testcase name="test_json_guest_cannot_get_edit_info" file="/app/vendor/gammamatrix/playground-test/src/Feature/Http/Controllers/Resource/Playground/EditJsonTrait.php" line="39" class="Tests\Feature\Playground\Cms\Resource\Http\Controllers\Playground\PageRouteTest" classname="Tests.Feature.Playground.Cms.Resource.Http.Controllers.Playground.PageRouteTest" assertions="1" time="0.168695"/>
        <testcase name="test_json_admin_can_get_edit_info" file="/app/vendor/gammamatrix/playground-test/src/Feature/Http/Controllers/Resource/Playground/EditJsonTrait.php" line="59" class="Tests\Feature\Playground\Cms\Resource\Http\Controllers\Playground\PageRouteTest" classname="Tests.Feature.Playground.Cms.Resource.Http.Controllers.Playground.PageRouteTest" assertions="4" time="0.190697"/>
        <testcase name="test_json_edit_as_admin_and_fail_validation_with_invalid_parameter" file="/app/vendor/gammamatrix/playground-test/src/Feature/Http/Controllers/Resource/Playground/EditJsonTrait.php" line="88" class="Tests\Feature\Playground\Cms\Resource\Http\Controllers\Playground\PageRouteTest" classname="Tests.Feature.Playground.Cms.Resource.Http.Controllers.Playground.PageRouteTest" assertions="4" time="0.194794"/>
        <testcase name="test_guest_cannot_render_edit_view" file="/app/vendor/gammamatrix/playground-test/src/Feature/Http/Controllers/Resource/Playground/EditTrait.php" line="34" class="Tests\Feature\Playground\Cms\Resource\Http\Controllers\Playground\PageRouteTest" classname="Tests.Feature.Playground.Cms.Resource.Http.Controllers.Playground.PageRouteTest" assertions="1" time="0.174129"/>
        <testcase name="test_admin_can_render_edit_view" file="/app/vendor/gammamatrix/playground-test/src/Feature/Http/Controllers/Resource/Playground/EditTrait.php" line="54" class="Tests\Feature\Playground\Cms\Resource\Http\Controllers\Playground\PageRouteTest" classname="Tests.Feature.Playground.Cms.Resource.Http.Controllers.Playground.PageRouteTest" assertions="2" time="0.221318"/>
        <testcase name="test_admin_can_render_edit_view_with_return_url" file="/app/vendor/gammamatrix/playground-test/src/Feature/Http/Controllers/Resource/Playground/EditTrait.php" line="78" class="Tests\Feature\Playground\Cms\Resource\Http\Controllers\Playground\PageRouteTest" classname="Tests.Feature.Playground.Cms.Resource.Http.Controllers.Playground.PageRouteTest" assertions="3" time="0.220579"/>
        <testcase name="test_edit_view_as_admin_with_invalid_parameter_and_fail_validation_and_redirect" file="/app/vendor/gammamatrix/playground-test/src/Feature/Http/Controllers/Resource/Playground/EditTrait.php" line="107" class="Tests\Feature\Playground\Cms\Resource\Http\Controllers\Playground\PageRouteTest" classname="Tests.Feature.Playground.Cms.Resource.Http.Controllers.Playground.PageRouteTest" assertions="4" time="0.189380"/>
        <testcase name="test_json_guest_cannot_get_index" file="/app/vendor/gammamatrix/playground-test/src/Feature/Http/Controllers/Resource/Playground/IndexJsonTrait.php" line="35" class="Tests\Feature\Playground\Cms\Resource\Http\Controllers\Playground\PageRouteTest" classname="Tests.Feature.Playground.Cms.Resource.Http.Controllers.Playground.PageRouteTest" assertions="1" time="0.173518"/>
        <testcase name="test_json_admin_can_get_index" file="/app/vendor/gammamatrix/playground-test/src/Feature/Http/Controllers/Resource/Playground/IndexJsonTrait.php" line="50" class="Tests\Feature\Playground\Cms\Resource\Http\Controllers\Playground\PageRouteTest" classname="Tests.Feature.Playground.Cms.Resource.Http.Controllers.Playground.PageRouteTest" assertions="101" time="0.194068"/>
        <testcase name="test_json_admin_can_get_index_with_filters" file="/app/vendor/gammamatrix/playground-test/src/Feature/Http/Controllers/Resource/Playground/IndexJsonTrait.php" line="86" class="Tests\Feature\Playground\Cms\Resource\Http\Controllers\Playground\PageRouteTest" classname="Tests.Feature.Playground.Cms.Resource.Http.Controllers.Playground.PageRouteTest" assertions="3" time="0.197815"/>
        <testcase name="test_guest_cannot_render_index_view" file="/app/vendor/gammamatrix/playground-test/src/Feature/Http/Controllers/Resource/Playground/IndexTrait.php" line="30" class="Tests\Feature\Playground\Cms\Resource\Http\Controllers\Playground\PageRouteTest" classname="Tests.Feature.Playground.Cms.Resource.Http.Controllers.Playground.PageRouteTest" assertions="1" time="0.175000"/>
        <testcase name="test_admin_can_render_index_view" file="/app/vendor/gammamatrix/playground-test/src/Feature/Http/Controllers/Resource/Playground/IndexTrait.php" line="45" class="Tests\Feature\Playground\Cms\Resource\Http\Controllers\Playground\PageRouteTest" classname="Tests.Feature.Playground.Cms.Resource.Http.Controllers.Playground.PageRouteTest" assertions="2" time="0.234686"/>
        <testcase name="test_admin_can_render_index_view_with_filters" file="/app/vendor/gammamatrix/playground-test/src/Feature/Http/Controllers/Resource/Playground/IndexTrait.php" line="78" class="Tests\Feature\Playground\Cms\Resource\Http\Controllers\Playground\PageRouteTest" classname="Tests.Feature.Playground.Cms.Resource.Http.Controllers.Playground.PageRouteTest" assertions="3" time="0.217888"/>
        <testcase name="test_json_guest_cannot_lock" file="/app/vendor/gammamatrix/playground-test/src/Feature/Http/Controllers/Resource/Playground/LockJsonTrait.php" line="37" class="Tests\Feature\Playground\Cms\Resource\Http\Controllers\Playground\PageRouteTest" classname="Tests.Feature.Playground.Cms.Resource.Http.Controllers.Playground.PageRouteTest" assertions="3" time="0.172800"/>
        <testcase name="test_json_lock_as_admin_and_succeed" file="/app/vendor/gammamatrix/playground-test/src/Feature/Http/Controllers/Resource/Playground/LockJsonTrait.php" line="67" class="Tests\Feature\Playground\Cms\Resource\Http\Controllers\Playground\PageRouteTest" classname="Tests.Feature.Playground.Cms.Resource.Http.Controllers.Playground.PageRouteTest" assertions="3" time="0.195430"/>
        <testcase name="test_json_lock_as_admin_and_succeed_with_no_redirect" file="/app/vendor/gammamatrix/playground-test/src/Feature/Http/Controllers/Resource/Playground/LockJsonTrait.php" line="99" class="Tests\Feature\Playground\Cms\Resource\Http\Controllers\Playground\PageRouteTest" classname="Tests.Feature.Playground.Cms.Resource.Http.Controllers.Playground.PageRouteTest" assertions="99" time="0.196056"/>
        <testcase name="test_json_lock_as_user_and_get_denied" file="/app/vendor/gammamatrix/playground-test/src/Feature/Http/Controllers/Resource/Playground/LockJsonTrait.php" line="144" class="Tests\Feature\Playground\Cms\Resource\Http\Controllers\Playground\PageRouteTest" classname="Tests.Feature.Playground.Cms.Resource.Http.Controllers.Playground.PageRouteTest" assertions="3" time="0.187828"/>
        <testcase name="test_guest_cannot_lock" file="/app/vendor/gammamatrix/playground-test/src/Feature/Http/Controllers/Resource/Playground/LockTrait.php" line="32" class="Tests\Feature\Playground\Cms\Resource\Http\Controllers\Playground\PageRouteTest" classname="Tests.Feature.Playground.Cms.Resource.Http.Controllers.Playground.PageRouteTest" assertions="3" time="0.176672"/>
        <testcase name="test_lock_as_admin_and_succeed" file="/app/vendor/gammamatrix/playground-test/src/Feature/Http/Controllers/Resource/Playground/LockTrait.php" line="62" class="Tests\Feature\Playground\Cms\Resource\Http\Controllers\Playground\PageRouteTest" classname="Tests.Feature.Playground.Cms.Resource.Http.Controllers.Playground.PageRouteTest" assertions="4" time="0.195405"/>
        <testcase name="test_lock_as_admin_and_succeed_with_redirect_to_index_with_sorted_by_locked_desc" file="/app/vendor/gammamatrix/playground-test/src/Feature/Http/Controllers/Resource/Playground/LockTrait.php" line="96" class="Tests\Feature\Playground\Cms\Resource\Http\Controllers\Playground\PageRouteTest" classname="Tests.Feature.Playground.Cms.Resource.Http.Controllers.Playground.PageRouteTest" assertions="4" time="0.196722"/>
        <testcase name="test_lock_as_user_and_get_denied" file="/app/vendor/gammamatrix/playground-test/src/Feature/Http/Controllers/Resource/Playground/LockTrait.php" line="133" class="Tests\Feature\Playground\Cms\Resource\Http\Controllers\Playground\PageRouteTest" classname="Tests.Feature.Playground.Cms.Resource.Http.Controllers.Playground.PageRouteTest" assertions="3" time="0.194186"/>
        <testcase name="test_json_guest_cannot_restore" file="/app/vendor/gammamatrix/playground-test/src/Feature/Http/Controllers/Resource/Playground/RestoreJsonTrait.php" line="33" class="Tests\Feature\Playground\Cms\Resource\Http\Controllers\Playground\PageRouteTest" classname="Tests.Feature.Playground.Cms.Resource.Http.Controllers.Playground.PageRouteTest" assertions="3" time="0.174217"/>
        <testcase name="test_json_restore_as_admin_and_succeed" file="/app/vendor/gammamatrix/playground-test/src/Feature/Http/Controllers/Resource/Playground/RestoreJsonTrait.php" line="65" class="Tests\Feature\Playground\Cms\Resource\Http\Controllers\Playground\PageRouteTest" classname="Tests.Feature.Playground.Cms.Resource.Http.Controllers.Playground.PageRouteTest" assertions="99" time="0.194119"/>
        <testcase name="test_json_restore_as_admin_and_succeed_with_no_redirect" file="/app/vendor/gammamatrix/playground-test/src/Feature/Http/Controllers/Resource/Playground/RestoreJsonTrait.php" line="101" class="Tests\Feature\Playground\Cms\Resource\Http\Controllers\Playground\PageRouteTest" classname="Tests.Feature.Playground.Cms.Resource.Http.Controllers.Playground.PageRouteTest" assertions="99" time="0.197136"/>
        <testcase name="test_json_restore_as_user_and_get_denied" file="/app/vendor/gammamatrix/playground-test/src/Feature/Http/Controllers/Resource/Playground/RestoreJsonTrait.php" line="144" class="Tests\Feature\Playground\Cms\Resource\Http\Controllers\Playground\PageRouteTest" classname="Tests.Feature.Playground.Cms.Resource.Http.Controllers.Playground.PageRouteTest" assertions="3" time="0.194092"/>
        <testcase name="test_json_guest_cannot_restore_revision" file="/app/vendor/gammamatrix/playground-test/src/Feature/Http/Controllers/Resource/Playground/RestoreRevisionJsonTrait.php" line="44" class="Tests\Feature\Playground\Cms\Resource\Http\Controllers\Playground\PageRouteTest" classname="Tests.Feature.Playground.Cms.Resource.Http.Controllers.Playground.PageRouteTest" assertions="3" time="0.187143"/>
        <testcase name="test_json_restore_revision_as_admin_and_succeed" file="/app/vendor/gammamatrix/playground-test/src/Feature/Http/Controllers/Resource/Playground/RestoreRevisionJsonTrait.php" line="80" class="Tests\Feature\Playground\Cms\Resource\Http\Controllers\Playground\PageRouteTest" classname="Tests.Feature.Playground.Cms.Resource.Http.Controllers.Playground.PageRouteTest" assertions="99" time="0.259855"/>
        <testcase name="test_json_restore_revision_as_admin_and_succeed_without_redirect" file="/app/vendor/gammamatrix/playground-test/src/Feature/Http/Controllers/Resource/Playground/RestoreRevisionJsonTrait.php" line="120" class="Tests\Feature\Playground\Cms\Resource\Http\Controllers\Playground\PageRouteTest" classname="Tests.Feature.Playground.Cms.Resource.Http.Controllers.Playground.PageRouteTest" assertions="99" time="0.289358"/>
        <testcase name="test_json_restore_revision_as_user_and_get_denied" file="/app/vendor/gammamatrix/playground-test/src/Feature/Http/Controllers/Resource/Playground/RestoreRevisionJsonTrait.php" line="172" class="Tests\Feature\Playground\Cms\Resource\Http\Controllers\Playground\PageRouteTest" classname="Tests.Feature.Playground.Cms.Resource.Http.Controllers.Playground.PageRouteTest" assertions="3" time="0.196034"/>
        <testcase name="test_guest_cannot_restore_revision" file="/app/vendor/gammamatrix/playground-test/src/Feature/Http/Controllers/Resource/Playground/RestoreRevisionTrait.php" line="39" class="Tests\Feature\Playground\Cms\Resource\Http\Controllers\Playground\PageRouteTest" classname="Tests.Feature.Playground.Cms.Resource.Http.Controllers.Playground.PageRouteTest" assertions="3" time="0.189149"/>
        <testcase name="test_restore_revision_as_admin_and_succeed" file="/app/vendor/gammamatrix/playground-test/src/Feature/Http/Controllers/Resource/Playground/RestoreRevisionTrait.php" line="75" class="Tests\Feature\Playground\Cms\Resource\Http\Controllers\Playground\PageRouteTest" classname="Tests.Feature.Playground.Cms.Resource.Http.Controllers.Playground.PageRouteTest" assertions="4" time="0.246572"/>
        <testcase name="test_restore_revision_as_admin_and_succeed_with_redirect_to_index_with_only_trash" file="/app/vendor/gammamatrix/playground-test/src/Feature/Http/Controllers/Resource/Playground/RestoreRevisionTrait.php" line="115" class="Tests\Feature\Playground\Cms\Resource\Http\Controllers\Playground\PageRouteTest" classname="Tests.Feature.Playground.Cms.Resource.Http.Controllers.Playground.PageRouteTest" assertions="4" time="0.247617"/>
        <testcase name="test_restore_revision_as_user_and_get_denied" file="/app/vendor/gammamatrix/playground-test/src/Feature/Http/Controllers/Resource/Playground/RestoreRevisionTrait.php" line="165" class="Tests\Feature\Playground\Cms\Resource\Http\Controllers\Playground\PageRouteTest" classname="Tests.Feature.Playground.Cms.Resource.Http.Controllers.Playground.PageRouteTest" assertions="3" time="0.201389"/>
        <testcase name="test_guest_cannot_restore" file="/app/vendor/gammamatrix/playground-test/src/Feature/Http/Controllers/Resource/Playground/RestoreTrait.php" line="33" class="Tests\Feature\Playground\Cms\Resource\Http\Controllers\Playground\PageRouteTest" classname="Tests.Feature.Playground.Cms.Resource.Http.Controllers.Playground.PageRouteTest" assertions="3" time="0.185184"/>
        <testcase name="test_restore_as_admin_and_succeed" file="/app/vendor/gammamatrix/playground-test/src/Feature/Http/Controllers/Resource/Playground/RestoreTrait.php" line="65" class="Tests\Feature\Playground\Cms\Resource\Http\Controllers\Playground\PageRouteTest" classname="Tests.Feature.Playground.Cms.Resource.Http.Controllers.Playground.PageRouteTest" assertions="4" time="0.207020"/>
        <testcase name="test_restore_as_admin_and_succeed_with_redirect_to_index_with_only_trash" file="/app/vendor/gammamatrix/playground-test/src/Feature/Http/Controllers/Resource/Playground/RestoreTrait.php" line="101" class="Tests\Feature\Playground\Cms\Resource\Http\Controllers\Playground\PageRouteTest" classname="Tests.Feature.Playground.Cms.Resource.Http.Controllers.Playground.PageRouteTest" assertions="4" time="0.197007"/>
        <testcase name="test_restore_as_user_and_get_denied" file="/app/vendor/gammamatrix/playground-test/src/Feature/Http/Controllers/Resource/Playground/RestoreTrait.php" line="147" class="Tests\Feature\Playground\Cms\Resource\Http\Controllers\Playground\PageRouteTest" classname="Tests.Feature.Playground.Cms.Resource.Http.Controllers.Playground.PageRouteTest" assertions="3" time="0.197393"/>
        <testcase name="test_json_guest_cannot_render_revision_view" file="/app/vendor/gammamatrix/playground-test/src/Feature/Http/Controllers/Resource/Playground/RevisionJsonTrait.php" line="39" class="Tests\Feature\Playground\Cms\Resource\Http\Controllers\Playground\PageRouteTest" classname="Tests.Feature.Playground.Cms.Resource.Http.Controllers.Playground.PageRouteTest" assertions="2" time="0.191443"/>
        <testcase name="test_json_admin_can_get_revision_info" file="/app/vendor/gammamatrix/playground-test/src/Feature/Http/Controllers/Resource/Playground/RevisionJsonTrait.php" line="70" class="Tests\Feature\Playground\Cms\Resource\Http\Controllers\Playground\PageRouteTest" classname="Tests.Feature.Playground.Cms.Resource.Http.Controllers.Playground.PageRouteTest" assertions="98" time="0.210214"/>
        <testcase name="test_json_guest_cannot_get_revisions" file="/app/vendor/gammamatrix/playground-test/src/Feature/Http/Controllers/Resource/Playground/RevisionsJsonTrait.php" line="35" class="Tests\Feature\Playground\Cms\Resource\Http\Controllers\Playground\PageRouteTest" classname="Tests.Feature.Playground.Cms.Resource.Http.Controllers.Playground.PageRouteTest" assertions="2" time="0.190525"/>
        <testcase name="test_json_admin_can_get_revisions" file="/app/vendor/gammamatrix/playground-test/src/Feature/Http/Controllers/Resource/Playground/RevisionsJsonTrait.php" line="64" class="Tests\Feature\Playground\Cms\Resource\Http\Controllers\Playground\PageRouteTest" classname="Tests.Feature.Playground.Cms.Resource.Http.Controllers.Playground.PageRouteTest" assertions="2" time="0.218037"/>
        <testcase name="test_json_admin_can_get_revisions_with_filters" file="/app/vendor/gammamatrix/playground-test/src/Feature/Http/Controllers/Resource/Playground/RevisionsJsonTrait.php" line="105" class="Tests\Feature\Playground\Cms\Resource\Http\Controllers\Playground\PageRouteTest" classname="Tests.Feature.Playground.Cms.Resource.Http.Controllers.Playground.PageRouteTest" assertions="102" time="0.230196"/>
        <testcase name="test_guest_cannot_render_revisions_view" file="/app/vendor/gammamatrix/playground-test/src/Feature/Http/Controllers/Resource/Playground/RevisionsTrait.php" line="35" class="Tests\Feature\Playground\Cms\Resource\Http\Controllers\Playground\PageRouteTest" classname="Tests.Feature.Playground.Cms.Resource.Http.Controllers.Playground.PageRouteTest" assertions="2" time="0.200260"/>
        <testcase name="test_admin_can_render_revisions_view" file="/app/vendor/gammamatrix/playground-test/src/Feature/Http/Controllers/Resource/Playground/RevisionsTrait.php" line="64" class="Tests\Feature\Playground\Cms\Resource\Http\Controllers\Playground\PageRouteTest" classname="Tests.Feature.Playground.Cms.Resource.Http.Controllers.Playground.PageRouteTest" assertions="2" time="0.252175"/>
        <testcase name="test_admin_can_render_revisions_view_with_filters" file="/app/vendor/gammamatrix/playground-test/src/Feature/Http/Controllers/Resource/Playground/RevisionsTrait.php" line="105" class="Tests\Feature\Playground\Cms\Resource\Http\Controllers\Playground\PageRouteTest" classname="Tests.Feature.Playground.Cms.Resource.Http.Controllers.Playground.PageRouteTest" assertions="3" time="0.236196"/>
        <testcase name="test_guest_cannot_render_revision_view" file="/app/vendor/gammamatrix/playground-test/src/Feature/Http/Controllers/Resource/Playground/RevisionTrait.php" line="39" class="Tests\Feature\Playground\Cms\Resource\Http\Controllers\Playground\PageRouteTest" classname="Tests.Feature.Playground.Cms.Resource.Http.Controllers.Playground.PageRouteTest" assertions="2" time="0.195734"/>
        <testcase name="test_revision_view_rendered_by_admin" file="/app/vendor/gammamatrix/playground-test/src/Feature/Http/Controllers/Resource/Playground/RevisionTrait.php" line="70" class="Tests\Feature\Playground\Cms\Resource\Http\Controllers\Playground\PageRouteTest" classname="Tests.Feature.Playground.Cms.Resource.Http.Controllers.Playground.PageRouteTest" assertions="2" time="0.219165"/>
        <testcase name="test_json_guest_cannot_see_info" file="/app/vendor/gammamatrix/playground-test/src/Feature/Http/Controllers/Resource/Playground/ShowJsonTrait.php" line="30" class="Tests\Feature\Playground\Cms\Resource\Http\Controllers\Playground\PageRouteTest" classname="Tests.Feature.Playground.Cms.Resource.Http.Controllers.Playground.PageRouteTest" assertions="1" time="0.177332"/>
        <testcase name="test_json_show_info_for_admin" file="/app/vendor/gammamatrix/playground-test/src/Feature/Http/Controllers/Resource/Playground/ShowJsonTrait.php" line="50" class="Tests\Feature\Playground\Cms\Resource\Http\Controllers\Playground\PageRouteTest" classname="Tests.Feature.Playground.Cms.Resource.Http.Controllers.Playground.PageRouteTest" assertions="98" time="0.199470"/>
        <testcase name="test_guest_cannot_render_show_view" file="/app/vendor/gammamatrix/playground-test/src/Feature/Http/Controllers/Resource/Playground/ShowTrait.php" line="30" class="Tests\Feature\Playground\Cms\Resource\Http\Controllers\Playground\PageRouteTest" classname="Tests.Feature.Playground.Cms.Resource.Http.Controllers.Playground.PageRouteTest" assertions="1" time="0.185591"/>
        <testcase name="test_show_view_rendered_by_admin" file="/app/vendor/gammamatrix/playground-test/src/Feature/Http/Controllers/Resource/Playground/ShowTrait.php" line="50" class="Tests\Feature\Playground\Cms\Resource\Http\Controllers\Playground\PageRouteTest" classname="Tests.Feature.Playground.Cms.Resource.Http.Controllers.Playground.PageRouteTest" assertions="2" time="0.212947"/>
        <testcase name="test_json_guest_cannot_store" file="/app/vendor/gammamatrix/playground-test/src/Feature/Http/Controllers/Resource/Playground/StoreJsonTrait.php" line="44" class="Tests\Feature\Playground\Cms\Resource\Http\Controllers\Playground\PageRouteTest" classname="Tests.Feature.Playground.Cms.Resource.Http.Controllers.Playground.PageRouteTest" assertions="3" time="0.181936"/>
        <testcase name="test_json_store_as_admin_without_payload_and_fail_validation" file="/app/vendor/gammamatrix/playground-test/src/Feature/Http/Controllers/Resource/Playground/StoreJsonTrait.php" line="67" class="Tests\Feature\Playground\Cms\Resource\Http\Controllers\Playground\PageRouteTest" classname="Tests.Feature.Playground.Cms.Resource.Http.Controllers.Playground.PageRouteTest" assertions="5" time="0.194277"/>
        <testcase name="test_json_store_as_admin_and_succeed" file="/app/vendor/gammamatrix/playground-test/src/Feature/Http/Controllers/Resource/Playground/StoreJsonTrait.php" line="93" class="Tests\Feature\Playground\Cms\Resource\Http\Controllers\Playground\PageRouteTest" classname="Tests.Feature.Playground.Cms.Resource.Http.Controllers.Playground.PageRouteTest" assertions="3" time="0.238686"/>
        <testcase name="test_guest_cannot_store" file="/app/vendor/gammamatrix/playground-test/src/Feature/Http/Controllers/Resource/Playground/StoreTrait.php" line="39" class="Tests\Feature\Playground\Cms\Resource\Http\Controllers\Playground\PageRouteTest" classname="Tests.Feature.Playground.Cms.Resource.Http.Controllers.Playground.PageRouteTest" assertions="3" time="0.181652"/>
        <testcase name="test_store_as_admin_without_payload_and_fail_validation" file="/app/vendor/gammamatrix/playground-test/src/Feature/Http/Controllers/Resource/Playground/StoreTrait.php" line="62" class="Tests\Feature\Playground\Cms\Resource\Http\Controllers\Playground\PageRouteTest" classname="Tests.Feature.Playground.Cms.Resource.Http.Controllers.Playground.PageRouteTest" assertions="5" time="0.192636"/>
        <testcase name="test_store_as_admin_and_succeed" file="/app/vendor/gammamatrix/playground-test/src/Feature/Http/Controllers/Resource/Playground/StoreTrait.php" line="91" class="Tests\Feature\Playground\Cms\Resource\Http\Controllers\Playground\PageRouteTest" classname="Tests.Feature.Playground.Cms.Resource.Http.Controllers.Playground.PageRouteTest" assertions="4" time="0.215523"/>
        <testcase name="test_store_as_admin_and_succeed_with_return_url" file="/app/vendor/gammamatrix/playground-test/src/Feature/Http/Controllers/Resource/Playground/StoreTrait.php" line="136" class="Tests\Feature\Playground\Cms\Resource\Http\Controllers\Playground\PageRouteTest" classname="Tests.Feature.Playground.Cms.Resource.Http.Controllers.Playground.PageRouteTest" assertions="4" time="0.216188"/>
        <testcase name="test_json_guest_cannot_unlock" file="/app/vendor/gammamatrix/playground-test/src/Feature/Http/Controllers/Resource/Playground/UnlockJsonTrait.php" line="37" class="Tests\Feature\Playground\Cms\Resource\Http\Controllers\Playground\PageRouteTest" classname="Tests.Feature.Playground.Cms.Resource.Http.Controllers.Playground.PageRouteTest" assertions="3" time="0.193268"/>
        <testcase name="test_json_unlock_as_admin_and_succeed" file="/app/vendor/gammamatrix/playground-test/src/Feature/Http/Controllers/Resource/Playground/UnlockJsonTrait.php" line="69" class="Tests\Feature\Playground\Cms\Resource\Http\Controllers\Playground\PageRouteTest" classname="Tests.Feature.Playground.Cms.Resource.Http.Controllers.Playground.PageRouteTest" assertions="99" time="0.201525"/>
        <testcase name="test_json_unlock_as_admin_and_succeed_with_no_redirect" file="/app/vendor/gammamatrix/playground-test/src/Feature/Http/Controllers/Resource/Playground/UnlockJsonTrait.php" line="105" class="Tests\Feature\Playground\Cms\Resource\Http\Controllers\Playground\PageRouteTest" classname="Tests.Feature.Playground.Cms.Resource.Http.Controllers.Playground.PageRouteTest" assertions="99" time="0.203938"/>
        <testcase name="test_json_unlock_as_user_and_get_denied" file="/app/vendor/gammamatrix/playground-test/src/Feature/Http/Controllers/Resource/Playground/UnlockJsonTrait.php" line="146" class="Tests\Feature\Playground\Cms\Resource\Http\Controllers\Playground\PageRouteTest" classname="Tests.Feature.Playground.Cms.Resource.Http.Controllers.Playground.PageRouteTest" assertions="3" time="0.194161"/>
        <testcase name="test_guest_cannot_unlock" file="/app/vendor/gammamatrix/playground-test/src/Feature/Http/Controllers/Resource/Playground/UnlockTrait.php" line="37" class="Tests\Feature\Playground\Cms\Resource\Http\Controllers\Playground\PageRouteTest" classname="Tests.Feature.Playground.Cms.Resource.Http.Controllers.Playground.PageRouteTest" assertions="3" time="0.187523"/>
        <testcase name="test_unlock_as_admin_and_succeed" file="/app/vendor/gammamatrix/playground-test/src/Feature/Http/Controllers/Resource/Playground/UnlockTrait.php" line="69" class="Tests\Feature\Playground\Cms\Resource\Http\Controllers\Playground\PageRouteTest" classname="Tests.Feature.Playground.Cms.Resource.Http.Controllers.Playground.PageRouteTest" assertions="4" time="0.201231"/>
        <testcase name="test_unlock_as_admin_and_succeed_with_redirect_to_index_with_sorted_by_unlocked_desc" file="/app/vendor/gammamatrix/playground-test/src/Feature/Http/Controllers/Resource/Playground/UnlockTrait.php" line="110" class="Tests\Feature\Playground\Cms\Resource\Http\Controllers\Playground\PageRouteTest" classname="Tests.Feature.Playground.Cms.Resource.Http.Controllers.Playground.PageRouteTest" assertions="4" time="0.202279"/>
        <testcase name="test_unlock_as_user_and_get_denied" file="/app/vendor/gammamatrix/playground-test/src/Feature/Http/Controllers/Resource/Playground/UnlockTrait.php" line="149" class="Tests\Feature\Playground\Cms\Resource\Http\Controllers\Playground\PageRouteTest" classname="Tests.Feature.Playground.Cms.Resource.Http.Controllers.Playground.PageRouteTest" assertions="3" time="0.196114"/>
        <testcase name="test_json_guest_cannot_update" file="/app/vendor/gammamatrix/playground-test/src/Feature/Http/Controllers/Resource/Playground/UpdateJsonTrait.php" line="46" class="Tests\Feature\Playground\Cms\Resource\Http\Controllers\Playground\PageRouteTest" classname="Tests.Feature.Playground.Cms.Resource.Http.Controllers.Playground.PageRouteTest" assertions="1" time="0.185249"/>
        <testcase name="test_json_update_as_admin_without_payload_and_passes_validation" file="/app/vendor/gammamatrix/playground-test/src/Feature/Http/Controllers/Resource/Playground/UpdateJsonTrait.php" line="66" class="Tests\Feature\Playground\Cms\Resource\Http\Controllers\Playground\PageRouteTest" classname="Tests.Feature.Playground.Cms.Resource.Http.Controllers.Playground.PageRouteTest" assertions="2" time="0.233121"/>
        <testcase name="test_json_admin_can_update" file="/app/vendor/gammamatrix/playground-test/src/Feature/Http/Controllers/Resource/Playground/UpdateJsonTrait.php" line="114" class="Tests\Feature\Playground\Cms\Resource\Http\Controllers\Playground\PageRouteTest" classname="Tests.Feature.Playground.Cms.Resource.Http.Controllers.Playground.PageRouteTest" assertions="101" time="0.264819"/>
        <testcase name="test_guest_cannot_update" file="/app/vendor/gammamatrix/playground-test/src/Feature/Http/Controllers/Resource/Playground/UpdateTrait.php" line="46" class="Tests\Feature\Playground\Cms\Resource\Http\Controllers\Playground\PageRouteTest" classname="Tests.Feature.Playground.Cms.Resource.Http.Controllers.Playground.PageRouteTest" assertions="1" time="0.187331"/>
        <testcase name="test_update_as_admin_without_payload_and_passes_validation" file="/app/vendor/gammamatrix/playground-test/src/Feature/Http/Controllers/Resource/Playground/UpdateTrait.php" line="66" class="Tests\Feature\Playground\Cms\Resource\Http\Controllers\Playground\PageRouteTest" classname="Tests.Feature.Playground.Cms.Resource.Http.Controllers.Playground.PageRouteTest" assertions="3" time="0.224318"/>
        <testcase name="test_admin_can_update" file="/app/vendor/gammamatrix/playground-test/src/Feature/Http/Controllers/Resource/Playground/UpdateTrait.php" line="117" class="Tests\Feature\Playground\Cms\Resource\Http\Controllers\Playground\PageRouteTest" classname="Tests.Feature.Playground.Cms.Resource.Http.Controllers.Playground.PageRouteTest" assertions="6" time="0.260952"/>
        <testcase name="test_admin_can_update_view_with_return_url" file="/app/vendor/gammamatrix/playground-test/src/Feature/Http/Controllers/Resource/Playground/UpdateTrait.php" line="160" class="Tests\Feature\Playground\Cms\Resource\Http\Controllers\Playground\PageRouteTest" classname="Tests.Feature.Playground.Cms.Resource.Http.Controllers.Playground.PageRouteTest" assertions="6" time="0.259531"/>
      </testsuite>
      <testsuite name="Tests\Feature\Playground\Cms\Resource\Http\Controllers\Playground\SnippetRouteTest" file="/app/tests/Feature/Http/Controllers/Playground/SnippetRouteTest.php" tests="91" assertions="1439" errors="0" failures="0" skipped="0" time="17.982493">
        <testcase name="test_json_guest_cannot_get_create_info" file="/app/vendor/gammamatrix/playground-test/src/Feature/Http/Controllers/Resource/Playground/CreateJsonTrait.php" line="39" class="Tests\Feature\Playground\Cms\Resource\Http\Controllers\Playground\SnippetRouteTest" classname="Tests.Feature.Playground.Cms.Resource.Http.Controllers.Playground.SnippetRouteTest" assertions="1" time="0.155046"/>
        <testcase name="test_json_admin_can_get_create_info" file="/app/vendor/gammamatrix/playground-test/src/Feature/Http/Controllers/Resource/Playground/CreateJsonTrait.php" line="54" class="Tests\Feature\Playground\Cms\Resource\Http\Controllers\Playground\SnippetRouteTest" classname="Tests.Feature.Playground.Cms.Resource.Http.Controllers.Playground.SnippetRouteTest" assertions="90" time="0.179198"/>
        <testcase name="test_json_get_create_info_as_admin_with_invalid_parameter_and_fail_validation" file="/app/vendor/gammamatrix/playground-test/src/Feature/Http/Controllers/Resource/Playground/CreateJsonTrait.php" line="74" class="Tests\Feature\Playground\Cms\Resource\Http\Controllers\Playground\SnippetRouteTest" classname="Tests.Feature.Playground.Cms.Resource.Http.Controllers.Playground.SnippetRouteTest" assertions="4" time="0.168964"/>
        <testcase name="test_guest_cannot_render_create_view" file="/app/vendor/gammamatrix/playground-test/src/Feature/Http/Controllers/Resource/Playground/CreateTrait.php" line="34" class="Tests\Feature\Playground\Cms\Resource\Http\Controllers\Playground\SnippetRouteTest" classname="Tests.Feature.Playground.Cms.Resource.Http.Controllers.Playground.SnippetRouteTest" assertions="1" time="0.153165"/>
        <testcase name="test_admin_can_render_create_view" file="/app/vendor/gammamatrix/playground-test/src/Feature/Http/Controllers/Resource/Playground/CreateTrait.php" line="48" class="Tests\Feature\Playground\Cms\Resource\Http\Controllers\Playground\SnippetRouteTest" classname="Tests.Feature.Playground.Cms.Resource.Http.Controllers.Playground.SnippetRouteTest" assertions="2" time="0.204042"/>
        <testcase name="test_admin_can_render_create_view_with_return_url" file="/app/vendor/gammamatrix/playground-test/src/Feature/Http/Controllers/Resource/Playground/CreateTrait.php" line="66" class="Tests\Feature\Playground\Cms\Resource\Http\Controllers\Playground\SnippetRouteTest" classname="Tests.Feature.Playground.Cms.Resource.Http.Controllers.Playground.SnippetRouteTest" assertions="3" time="0.201389"/>
        <testcase name="test_create_view_as_admin_with_invalid_parameter_and_fail_validation_and_redirect" file="/app/vendor/gammamatrix/playground-test/src/Feature/Http/Controllers/Resource/Playground/CreateTrait.php" line="90" class="Tests\Feature\Playground\Cms\Resource\Http\Controllers\Playground\SnippetRouteTest" classname="Tests.Feature.Playground.Cms.Resource.Http.Controllers.Playground.SnippetRouteTest" assertions="5" time="0.170409"/>
        <testcase name="test_json_guest_cannot_destroy" file="/app/vendor/gammamatrix/playground-test/src/Feature/Http/Controllers/Resource/Playground/DestroyJsonTrait.php" line="32" class="Tests\Feature\Playground\Cms\Resource\Http\Controllers\Playground\SnippetRouteTest" classname="Tests.Feature.Playground.Cms.Resource.Http.Controllers.Playground.SnippetRouteTest" assertions="3" time="0.167492"/>
        <testcase name="test_json_destroy_as_admin_and_succeed" file="/app/vendor/gammamatrix/playground-test/src/Feature/Http/Controllers/Resource/Playground/DestroyJsonTrait.php" line="62" class="Tests\Feature\Playground\Cms\Resource\Http\Controllers\Playground\SnippetRouteTest" classname="Tests.Feature.Playground.Cms.Resource.Http.Controllers.Playground.SnippetRouteTest" assertions="5" time="0.179443"/>
        <testcase name="test_json_destroy_as_admin_and_succeed_with_force_delete" file="/app/vendor/gammamatrix/playground-test/src/Feature/Http/Controllers/Resource/Playground/DestroyJsonTrait.php" line="101" class="Tests\Feature\Playground\Cms\Resource\Http\Controllers\Playground\SnippetRouteTest" classname="Tests.Feature.Playground.Cms.Resource.Http.Controllers.Playground.SnippetRouteTest" assertions="4" time="0.182912"/>
        <testcase name="test_json_destroy_as_admin_and_succeed_with_no_content" file="/app/vendor/gammamatrix/playground-test/src/Feature/Http/Controllers/Resource/Playground/DestroyJsonTrait.php" line="133" class="Tests\Feature\Playground\Cms\Resource\Http\Controllers\Playground\SnippetRouteTest" classname="Tests.Feature.Playground.Cms.Resource.Http.Controllers.Playground.SnippetRouteTest" assertions="5" time="0.184740"/>
        <testcase name="test_json_destroy_as_admin_and_succeed_and_ignore_redirect" file="/app/vendor/gammamatrix/playground-test/src/Feature/Http/Controllers/Resource/Playground/DestroyJsonTrait.php" line="168" class="Tests\Feature\Playground\Cms\Resource\Http\Controllers\Playground\SnippetRouteTest" classname="Tests.Feature.Playground.Cms.Resource.Http.Controllers.Playground.SnippetRouteTest" assertions="5" time="0.181145"/>
        <testcase name="test_json_destroy_as_user_and_get_denied_and_no_force_delete_allowed" file="/app/vendor/gammamatrix/playground-test/src/Feature/Http/Controllers/Resource/Playground/DestroyJsonTrait.php" line="210" class="Tests\Feature\Playground\Cms\Resource\Http\Controllers\Playground\SnippetRouteTest" classname="Tests.Feature.Playground.Cms.Resource.Http.Controllers.Playground.SnippetRouteTest" assertions="3" time="0.177966"/>
        <testcase name="test_guest_cannot_destroy" file="/app/vendor/gammamatrix/playground-test/src/Feature/Http/Controllers/Resource/Playground/DestroyTrait.php" line="32" class="Tests\Feature\Playground\Cms\Resource\Http\Controllers\Playground\SnippetRouteTest" classname="Tests.Feature.Playground.Cms.Resource.Http.Controllers.Playground.SnippetRouteTest" assertions="3" time="0.169509"/>
        <testcase name="test_destroy_as_admin_and_succeed" file="/app/vendor/gammamatrix/playground-test/src/Feature/Http/Controllers/Resource/Playground/DestroyTrait.php" line="62" class="Tests\Feature\Playground\Cms\Resource\Http\Controllers\Playground\SnippetRouteTest" classname="Tests.Feature.Playground.Cms.Resource.Http.Controllers.Playground.SnippetRouteTest" assertions="5" time="0.180770"/>
        <testcase name="test_destroy_as_admin_and_succeed_with_force_delete" file="/app/vendor/gammamatrix/playground-test/src/Feature/Http/Controllers/Resource/Playground/DestroyTrait.php" line="98" class="Tests\Feature\Playground\Cms\Resource\Http\Controllers\Playground\SnippetRouteTest" classname="Tests.Feature.Playground.Cms.Resource.Http.Controllers.Playground.SnippetRouteTest" assertions="4" time="0.180536"/>
        <testcase name="test_destroy_as_admin_and_succeed_with_redirect_to_index_with_trash" file="/app/vendor/gammamatrix/playground-test/src/Feature/Http/Controllers/Resource/Playground/DestroyTrait.php" line="130" class="Tests\Feature\Playground\Cms\Resource\Http\Controllers\Playground\SnippetRouteTest" classname="Tests.Feature.Playground.Cms.Resource.Http.Controllers.Playground.SnippetRouteTest" assertions="5" time="0.180659"/>
        <testcase name="test_destroy_as_user_and_get_denied_and_no_force_delete_allowed" file="/app/vendor/gammamatrix/playground-test/src/Feature/Http/Controllers/Resource/Playground/DestroyTrait.php" line="172" class="Tests\Feature\Playground\Cms\Resource\Http\Controllers\Playground\SnippetRouteTest" classname="Tests.Feature.Playground.Cms.Resource.Http.Controllers.Playground.SnippetRouteTest" assertions="3" time="0.180918"/>
        <testcase name="test_json_guest_cannot_get_edit_info" file="/app/vendor/gammamatrix/playground-test/src/Feature/Http/Controllers/Resource/Playground/EditJsonTrait.php" line="39" class="Tests\Feature\Playground\Cms\Resource\Http\Controllers\Playground\SnippetRouteTest" classname="Tests.Feature.Playground.Cms.Resource.Http.Controllers.Playground.SnippetRouteTest" assertions="1" time="0.192508"/>
        <testcase name="test_json_admin_can_get_edit_info" file="/app/vendor/gammamatrix/playground-test/src/Feature/Http/Controllers/Resource/Playground/EditJsonTrait.php" line="59" class="Tests\Feature\Playground\Cms\Resource\Http\Controllers\Playground\SnippetRouteTest" classname="Tests.Feature.Playground.Cms.Resource.Http.Controllers.Playground.SnippetRouteTest" assertions="4" time="0.191958"/>
        <testcase name="test_json_edit_as_admin_and_fail_validation_with_invalid_parameter" file="/app/vendor/gammamatrix/playground-test/src/Feature/Http/Controllers/Resource/Playground/EditJsonTrait.php" line="88" class="Tests\Feature\Playground\Cms\Resource\Http\Controllers\Playground\SnippetRouteTest" classname="Tests.Feature.Playground.Cms.Resource.Http.Controllers.Playground.SnippetRouteTest" assertions="4" time="0.185728"/>
        <testcase name="test_guest_cannot_render_edit_view" file="/app/vendor/gammamatrix/playground-test/src/Feature/Http/Controllers/Resource/Playground/EditTrait.php" line="34" class="Tests\Feature\Playground\Cms\Resource\Http\Controllers\Playground\SnippetRouteTest" classname="Tests.Feature.Playground.Cms.Resource.Http.Controllers.Playground.SnippetRouteTest" assertions="1" time="0.169985"/>
        <testcase name="test_admin_can_render_edit_view" file="/app/vendor/gammamatrix/playground-test/src/Feature/Http/Controllers/Resource/Playground/EditTrait.php" line="54" class="Tests\Feature\Playground\Cms\Resource\Http\Controllers\Playground\SnippetRouteTest" classname="Tests.Feature.Playground.Cms.Resource.Http.Controllers.Playground.SnippetRouteTest" assertions="2" time="0.222289"/>
        <testcase name="test_admin_can_render_edit_view_with_return_url" file="/app/vendor/gammamatrix/playground-test/src/Feature/Http/Controllers/Resource/Playground/EditTrait.php" line="78" class="Tests\Feature\Playground\Cms\Resource\Http\Controllers\Playground\SnippetRouteTest" classname="Tests.Feature.Playground.Cms.Resource.Http.Controllers.Playground.SnippetRouteTest" assertions="3" time="0.215022"/>
        <testcase name="test_edit_view_as_admin_with_invalid_parameter_and_fail_validation_and_redirect" file="/app/vendor/gammamatrix/playground-test/src/Feature/Http/Controllers/Resource/Playground/EditTrait.php" line="107" class="Tests\Feature\Playground\Cms\Resource\Http\Controllers\Playground\SnippetRouteTest" classname="Tests.Feature.Playground.Cms.Resource.Http.Controllers.Playground.SnippetRouteTest" assertions="4" time="0.184540"/>
        <testcase name="test_json_guest_cannot_get_index" file="/app/vendor/gammamatrix/playground-test/src/Feature/Http/Controllers/Resource/Playground/IndexJsonTrait.php" line="35" class="Tests\Feature\Playground\Cms\Resource\Http\Controllers\Playground\SnippetRouteTest" classname="Tests.Feature.Playground.Cms.Resource.Http.Controllers.Playground.SnippetRouteTest" assertions="1" time="0.166285"/>
        <testcase name="test_json_admin_can_get_index" file="/app/vendor/gammamatrix/playground-test/src/Feature/Http/Controllers/Resource/Playground/IndexJsonTrait.php" line="50" class="Tests\Feature\Playground\Cms\Resource\Http\Controllers\Playground\SnippetRouteTest" classname="Tests.Feature.Playground.Cms.Resource.Http.Controllers.Playground.SnippetRouteTest" assertions="94" time="0.194781"/>
        <testcase name="test_json_admin_can_get_index_with_filters" file="/app/vendor/gammamatrix/playground-test/src/Feature/Http/Controllers/Resource/Playground/IndexJsonTrait.php" line="86" class="Tests\Feature\Playground\Cms\Resource\Http\Controllers\Playground\SnippetRouteTest" classname="Tests.Feature.Playground.Cms.Resource.Http.Controllers.Playground.SnippetRouteTest" assertions="3" time="0.189588"/>
        <testcase name="test_guest_cannot_render_index_view" file="/app/vendor/gammamatrix/playground-test/src/Feature/Http/Controllers/Resource/Playground/IndexTrait.php" line="30" class="Tests\Feature\Playground\Cms\Resource\Http\Controllers\Playground\SnippetRouteTest" classname="Tests.Feature.Playground.Cms.Resource.Http.Controllers.Playground.SnippetRouteTest" assertions="1" time="0.168130"/>
        <testcase name="test_admin_can_render_index_view" file="/app/vendor/gammamatrix/playground-test/src/Feature/Http/Controllers/Resource/Playground/IndexTrait.php" line="45" class="Tests\Feature\Playground\Cms\Resource\Http\Controllers\Playground\SnippetRouteTest" classname="Tests.Feature.Playground.Cms.Resource.Http.Controllers.Playground.SnippetRouteTest" assertions="2" time="0.213982"/>
        <testcase name="test_admin_can_render_index_view_with_filters" file="/app/vendor/gammamatrix/playground-test/src/Feature/Http/Controllers/Resource/Playground/IndexTrait.php" line="78" class="Tests\Feature\Playground\Cms\Resource\Http\Controllers\Playground\SnippetRouteTest" classname="Tests.Feature.Playground.Cms.Resource.Http.Controllers.Playground.SnippetRouteTest" assertions="3" time="0.214525"/>
        <testcase name="test_json_guest_cannot_lock" file="/app/vendor/gammamatrix/playground-test/src/Feature/Http/Controllers/Resource/Playground/LockJsonTrait.php" line="37" class="Tests\Feature\Playground\Cms\Resource\Http\Controllers\Playground\SnippetRouteTest" classname="Tests.Feature.Playground.Cms.Resource.Http.Controllers.Playground.SnippetRouteTest" assertions="3" time="0.174333"/>
        <testcase name="test_json_lock_as_admin_and_succeed" file="/app/vendor/gammamatrix/playground-test/src/Feature/Http/Controllers/Resource/Playground/LockJsonTrait.php" line="67" class="Tests\Feature\Playground\Cms\Resource\Http\Controllers\Playground\SnippetRouteTest" classname="Tests.Feature.Playground.Cms.Resource.Http.Controllers.Playground.SnippetRouteTest" assertions="3" time="0.193510"/>
        <testcase name="test_json_lock_as_admin_and_succeed_with_no_redirect" file="/app/vendor/gammamatrix/playground-test/src/Feature/Http/Controllers/Resource/Playground/LockJsonTrait.php" line="99" class="Tests\Feature\Playground\Cms\Resource\Http\Controllers\Playground\SnippetRouteTest" classname="Tests.Feature.Playground.Cms.Resource.Http.Controllers.Playground.SnippetRouteTest" assertions="92" time="0.197798"/>
        <testcase name="test_json_lock_as_user_and_get_denied" file="/app/vendor/gammamatrix/playground-test/src/Feature/Http/Controllers/Resource/Playground/LockJsonTrait.php" line="144" class="Tests\Feature\Playground\Cms\Resource\Http\Controllers\Playground\SnippetRouteTest" classname="Tests.Feature.Playground.Cms.Resource.Http.Controllers.Playground.SnippetRouteTest" assertions="3" time="0.187475"/>
        <testcase name="test_guest_cannot_lock" file="/app/vendor/gammamatrix/playground-test/src/Feature/Http/Controllers/Resource/Playground/LockTrait.php" line="32" class="Tests\Feature\Playground\Cms\Resource\Http\Controllers\Playground\SnippetRouteTest" classname="Tests.Feature.Playground.Cms.Resource.Http.Controllers.Playground.SnippetRouteTest" assertions="3" time="0.177818"/>
        <testcase name="test_lock_as_admin_and_succeed" file="/app/vendor/gammamatrix/playground-test/src/Feature/Http/Controllers/Resource/Playground/LockTrait.php" line="62" class="Tests\Feature\Playground\Cms\Resource\Http\Controllers\Playground\SnippetRouteTest" classname="Tests.Feature.Playground.Cms.Resource.Http.Controllers.Playground.SnippetRouteTest" assertions="4" time="0.198761"/>
        <testcase name="test_lock_as_admin_and_succeed_with_redirect_to_index_with_sorted_by_locked_desc" file="/app/vendor/gammamatrix/playground-test/src/Feature/Http/Controllers/Resource/Playground/LockTrait.php" line="96" class="Tests\Feature\Playground\Cms\Resource\Http\Controllers\Playground\SnippetRouteTest" classname="Tests.Feature.Playground.Cms.Resource.Http.Controllers.Playground.SnippetRouteTest" assertions="4" time="0.189481"/>
        <testcase name="test_lock_as_user_and_get_denied" file="/app/vendor/gammamatrix/playground-test/src/Feature/Http/Controllers/Resource/Playground/LockTrait.php" line="133" class="Tests\Feature\Playground\Cms\Resource\Http\Controllers\Playground\SnippetRouteTest" classname="Tests.Feature.Playground.Cms.Resource.Http.Controllers.Playground.SnippetRouteTest" assertions="3" time="0.187817"/>
        <testcase name="test_json_guest_cannot_restore" file="/app/vendor/gammamatrix/playground-test/src/Feature/Http/Controllers/Resource/Playground/RestoreJsonTrait.php" line="33" class="Tests\Feature\Playground\Cms\Resource\Http\Controllers\Playground\SnippetRouteTest" classname="Tests.Feature.Playground.Cms.Resource.Http.Controllers.Playground.SnippetRouteTest" assertions="3" time="0.174555"/>
        <testcase name="test_json_restore_as_admin_and_succeed" file="/app/vendor/gammamatrix/playground-test/src/Feature/Http/Controllers/Resource/Playground/RestoreJsonTrait.php" line="65" class="Tests\Feature\Playground\Cms\Resource\Http\Controllers\Playground\SnippetRouteTest" classname="Tests.Feature.Playground.Cms.Resource.Http.Controllers.Playground.SnippetRouteTest" assertions="92" time="0.194357"/>
        <testcase name="test_json_restore_as_admin_and_succeed_with_no_redirect" file="/app/vendor/gammamatrix/playground-test/src/Feature/Http/Controllers/Resource/Playground/RestoreJsonTrait.php" line="101" class="Tests\Feature\Playground\Cms\Resource\Http\Controllers\Playground\SnippetRouteTest" classname="Tests.Feature.Playground.Cms.Resource.Http.Controllers.Playground.SnippetRouteTest" assertions="92" time="0.197686"/>
        <testcase name="test_json_restore_as_user_and_get_denied" file="/app/vendor/gammamatrix/playground-test/src/Feature/Http/Controllers/Resource/Playground/RestoreJsonTrait.php" line="144" class="Tests\Feature\Playground\Cms\Resource\Http\Controllers\Playground\SnippetRouteTest" classname="Tests.Feature.Playground.Cms.Resource.Http.Controllers.Playground.SnippetRouteTest" assertions="3" time="0.191118"/>
        <testcase name="test_json_guest_cannot_restore_revision" file="/app/vendor/gammamatrix/playground-test/src/Feature/Http/Controllers/Resource/Playground/RestoreRevisionJsonTrait.php" line="44" class="Tests\Feature\Playground\Cms\Resource\Http\Controllers\Playground\SnippetRouteTest" classname="Tests.Feature.Playground.Cms.Resource.Http.Controllers.Playground.SnippetRouteTest" assertions="3" time="0.188306"/>
        <testcase name="test_json_restore_revision_as_admin_and_succeed" file="/app/vendor/gammamatrix/playground-test/src/Feature/Http/Controllers/Resource/Playground/RestoreRevisionJsonTrait.php" line="80" class="Tests\Feature\Playground\Cms\Resource\Http\Controllers\Playground\SnippetRouteTest" classname="Tests.Feature.Playground.Cms.Resource.Http.Controllers.Playground.SnippetRouteTest" assertions="92" time="0.273586"/>
        <testcase name="test_json_restore_revision_as_admin_and_succeed_without_redirect" file="/app/vendor/gammamatrix/playground-test/src/Feature/Http/Controllers/Resource/Playground/RestoreRevisionJsonTrait.php" line="120" class="Tests\Feature\Playground\Cms\Resource\Http\Controllers\Playground\SnippetRouteTest" classname="Tests.Feature.Playground.Cms.Resource.Http.Controllers.Playground.SnippetRouteTest" assertions="92" time="0.242753"/>
        <testcase name="test_json_restore_revision_as_user_and_get_denied" file="/app/vendor/gammamatrix/playground-test/src/Feature/Http/Controllers/Resource/Playground/RestoreRevisionJsonTrait.php" line="172" class="Tests\Feature\Playground\Cms\Resource\Http\Controllers\Playground\SnippetRouteTest" classname="Tests.Feature.Playground.Cms.Resource.Http.Controllers.Playground.SnippetRouteTest" assertions="3" time="0.191991"/>
        <testcase name="test_guest_cannot_restore_revision" file="/app/vendor/gammamatrix/playground-test/src/Feature/Http/Controllers/Resource/Playground/RestoreRevisionTrait.php" line="39" class="Tests\Feature\Playground\Cms\Resource\Http\Controllers\Playground\SnippetRouteTest" classname="Tests.Feature.Playground.Cms.Resource.Http.Controllers.Playground.SnippetRouteTest" assertions="3" time="0.182536"/>
        <testcase name="test_restore_revision_as_admin_and_succeed" file="/app/vendor/gammamatrix/playground-test/src/Feature/Http/Controllers/Resource/Playground/RestoreRevisionTrait.php" line="75" class="Tests\Feature\Playground\Cms\Resource\Http\Controllers\Playground\SnippetRouteTest" classname="Tests.Feature.Playground.Cms.Resource.Http.Controllers.Playground.SnippetRouteTest" assertions="4" time="0.236636"/>
        <testcase name="test_restore_revision_as_admin_and_succeed_with_redirect_to_index_with_only_trash" file="/app/vendor/gammamatrix/playground-test/src/Feature/Http/Controllers/Resource/Playground/RestoreRevisionTrait.php" line="115" class="Tests\Feature\Playground\Cms\Resource\Http\Controllers\Playground\SnippetRouteTest" classname="Tests.Feature.Playground.Cms.Resource.Http.Controllers.Playground.SnippetRouteTest" assertions="4" time="0.240862"/>
        <testcase name="test_restore_revision_as_user_and_get_denied" file="/app/vendor/gammamatrix/playground-test/src/Feature/Http/Controllers/Resource/Playground/RestoreRevisionTrait.php" line="165" class="Tests\Feature\Playground\Cms\Resource\Http\Controllers\Playground\SnippetRouteTest" classname="Tests.Feature.Playground.Cms.Resource.Http.Controllers.Playground.SnippetRouteTest" assertions="3" time="0.197104"/>
        <testcase name="test_guest_cannot_restore" file="/app/vendor/gammamatrix/playground-test/src/Feature/Http/Controllers/Resource/Playground/RestoreTrait.php" line="33" class="Tests\Feature\Playground\Cms\Resource\Http\Controllers\Playground\SnippetRouteTest" classname="Tests.Feature.Playground.Cms.Resource.Http.Controllers.Playground.SnippetRouteTest" assertions="3" time="0.190493"/>
        <testcase name="test_restore_as_admin_and_succeed" file="/app/vendor/gammamatrix/playground-test/src/Feature/Http/Controllers/Resource/Playground/RestoreTrait.php" line="65" class="Tests\Feature\Playground\Cms\Resource\Http\Controllers\Playground\SnippetRouteTest" classname="Tests.Feature.Playground.Cms.Resource.Http.Controllers.Playground.SnippetRouteTest" assertions="4" time="0.192687"/>
        <testcase name="test_restore_as_admin_and_succeed_with_redirect_to_index_with_only_trash" file="/app/vendor/gammamatrix/playground-test/src/Feature/Http/Controllers/Resource/Playground/RestoreTrait.php" line="101" class="Tests\Feature\Playground\Cms\Resource\Http\Controllers\Playground\SnippetRouteTest" classname="Tests.Feature.Playground.Cms.Resource.Http.Controllers.Playground.SnippetRouteTest" assertions="4" time="0.190833"/>
        <testcase name="test_restore_as_user_and_get_denied" file="/app/vendor/gammamatrix/playground-test/src/Feature/Http/Controllers/Resource/Playground/RestoreTrait.php" line="147" class="Tests\Feature\Playground\Cms\Resource\Http\Controllers\Playground\SnippetRouteTest" classname="Tests.Feature.Playground.Cms.Resource.Http.Controllers.Playground.SnippetRouteTest" assertions="3" time="0.188377"/>
        <testcase name="test_json_guest_cannot_render_revision_view" file="/app/vendor/gammamatrix/playground-test/src/Feature/Http/Controllers/Resource/Playground/RevisionJsonTrait.php" line="39" class="Tests\Feature\Playground\Cms\Resource\Http\Controllers\Playground\SnippetRouteTest" classname="Tests.Feature.Playground.Cms.Resource.Http.Controllers.Playground.SnippetRouteTest" assertions="2" time="0.194288"/>
        <testcase name="test_json_admin_can_get_revision_info" file="/app/vendor/gammamatrix/playground-test/src/Feature/Http/Controllers/Resource/Playground/RevisionJsonTrait.php" line="70" class="Tests\Feature\Playground\Cms\Resource\Http\Controllers\Playground\SnippetRouteTest" classname="Tests.Feature.Playground.Cms.Resource.Http.Controllers.Playground.SnippetRouteTest" assertions="91" time="0.206443"/>
        <testcase name="test_json_guest_cannot_get_revisions" file="/app/vendor/gammamatrix/playground-test/src/Feature/Http/Controllers/Resource/Playground/RevisionsJsonTrait.php" line="35" class="Tests\Feature\Playground\Cms\Resource\Http\Controllers\Playground\SnippetRouteTest" classname="Tests.Feature.Playground.Cms.Resource.Http.Controllers.Playground.SnippetRouteTest" assertions="2" time="0.189605"/>
        <testcase name="test_json_admin_can_get_revisions" file="/app/vendor/gammamatrix/playground-test/src/Feature/Http/Controllers/Resource/Playground/RevisionsJsonTrait.php" line="64" class="Tests\Feature\Playground\Cms\Resource\Http\Controllers\Playground\SnippetRouteTest" classname="Tests.Feature.Playground.Cms.Resource.Http.Controllers.Playground.SnippetRouteTest" assertions="2" time="0.223229"/>
        <testcase name="test_json_admin_can_get_revisions_with_filters" file="/app/vendor/gammamatrix/playground-test/src/Feature/Http/Controllers/Resource/Playground/RevisionsJsonTrait.php" line="105" class="Tests\Feature\Playground\Cms\Resource\Http\Controllers\Playground\SnippetRouteTest" classname="Tests.Feature.Playground.Cms.Resource.Http.Controllers.Playground.SnippetRouteTest" assertions="95" time="0.220645"/>
        <testcase name="test_guest_cannot_render_revisions_view" file="/app/vendor/gammamatrix/playground-test/src/Feature/Http/Controllers/Resource/Playground/RevisionsTrait.php" line="35" class="Tests\Feature\Playground\Cms\Resource\Http\Controllers\Playground\SnippetRouteTest" classname="Tests.Feature.Playground.Cms.Resource.Http.Controllers.Playground.SnippetRouteTest" assertions="2" time="0.191184"/>
        <testcase name="test_admin_can_render_revisions_view" file="/app/vendor/gammamatrix/playground-test/src/Feature/Http/Controllers/Resource/Playground/RevisionsTrait.php" line="64" class="Tests\Feature\Playground\Cms\Resource\Http\Controllers\Playground\SnippetRouteTest" classname="Tests.Feature.Playground.Cms.Resource.Http.Controllers.Playground.SnippetRouteTest" assertions="2" time="0.237121"/>
        <testcase name="test_admin_can_render_revisions_view_with_filters" file="/app/vendor/gammamatrix/playground-test/src/Feature/Http/Controllers/Resource/Playground/RevisionsTrait.php" line="105" class="Tests\Feature\Playground\Cms\Resource\Http\Controllers\Playground\SnippetRouteTest" classname="Tests.Feature.Playground.Cms.Resource.Http.Controllers.Playground.SnippetRouteTest" assertions="3" time="0.237857"/>
        <testcase name="test_guest_cannot_render_revision_view" file="/app/vendor/gammamatrix/playground-test/src/Feature/Http/Controllers/Resource/Playground/RevisionTrait.php" line="39" class="Tests\Feature\Playground\Cms\Resource\Http\Controllers\Playground\SnippetRouteTest" classname="Tests.Feature.Playground.Cms.Resource.Http.Controllers.Playground.SnippetRouteTest" assertions="2" time="0.193940"/>
        <testcase name="test_revision_view_rendered_by_admin" file="/app/vendor/gammamatrix/playground-test/src/Feature/Http/Controllers/Resource/Playground/RevisionTrait.php" line="70" class="Tests\Feature\Playground\Cms\Resource\Http\Controllers\Playground\SnippetRouteTest" classname="Tests.Feature.Playground.Cms.Resource.Http.Controllers.Playground.SnippetRouteTest" assertions="2" time="0.215482"/>
        <testcase name="test_json_guest_cannot_see_info" file="/app/vendor/gammamatrix/playground-test/src/Feature/Http/Controllers/Resource/Playground/ShowJsonTrait.php" line="30" class="Tests\Feature\Playground\Cms\Resource\Http\Controllers\Playground\SnippetRouteTest" classname="Tests.Feature.Playground.Cms.Resource.Http.Controllers.Playground.SnippetRouteTest" assertions="1" time="0.181740"/>
        <testcase name="test_json_show_info_for_admin" file="/app/vendor/gammamatrix/playground-test/src/Feature/Http/Controllers/Resource/Playground/ShowJsonTrait.php" line="50" class="Tests\Feature\Playground\Cms\Resource\Http\Controllers\Playground\SnippetRouteTest" classname="Tests.Feature.Playground.Cms.Resource.Http.Controllers.Playground.SnippetRouteTest" assertions="91" time="0.203632"/>
        <testcase name="test_guest_cannot_render_show_view" file="/app/vendor/gammamatrix/playground-test/src/Feature/Http/Controllers/Resource/Playground/ShowTrait.php" line="30" class="Tests\Feature\Playground\Cms\Resource\Http\Controllers\Playground\SnippetRouteTest" classname="Tests.Feature.Playground.Cms.Resource.Http.Controllers.Playground.SnippetRouteTest" assertions="1" time="0.184191"/>
        <testcase name="test_show_view_rendered_by_admin" file="/app/vendor/gammamatrix/playground-test/src/Feature/Http/Controllers/Resource/Playground/ShowTrait.php" line="50" class="Tests\Feature\Playground\Cms\Resource\Http\Controllers\Playground\SnippetRouteTest" classname="Tests.Feature.Playground.Cms.Resource.Http.Controllers.Playground.SnippetRouteTest" assertions="2" time="0.209393"/>
        <testcase name="test_json_guest_cannot_store" file="/app/vendor/gammamatrix/playground-test/src/Feature/Http/Controllers/Resource/Playground/StoreJsonTrait.php" line="44" class="Tests\Feature\Playground\Cms\Resource\Http\Controllers\Playground\SnippetRouteTest" classname="Tests.Feature.Playground.Cms.Resource.Http.Controllers.Playground.SnippetRouteTest" assertions="3" time="0.179721"/>
        <testcase name="test_json_store_as_admin_without_payload_and_fail_validation" file="/app/vendor/gammamatrix/playground-test/src/Feature/Http/Controllers/Resource/Playground/StoreJsonTrait.php" line="67" class="Tests\Feature\Playground\Cms\Resource\Http\Controllers\Playground\SnippetRouteTest" classname="Tests.Feature.Playground.Cms.Resource.Http.Controllers.Playground.SnippetRouteTest" assertions="5" time="0.192175"/>
        <testcase name="test_json_store_as_admin_and_succeed" file="/app/vendor/gammamatrix/playground-test/src/Feature/Http/Controllers/Resource/Playground/StoreJsonTrait.php" line="93" class="Tests\Feature\Playground\Cms\Resource\Http\Controllers\Playground\SnippetRouteTest" classname="Tests.Feature.Playground.Cms.Resource.Http.Controllers.Playground.SnippetRouteTest" assertions="3" time="0.221039"/>
        <testcase name="test_guest_cannot_store" file="/app/vendor/gammamatrix/playground-test/src/Feature/Http/Controllers/Resource/Playground/StoreTrait.php" line="39" class="Tests\Feature\Playground\Cms\Resource\Http\Controllers\Playground\SnippetRouteTest" classname="Tests.Feature.Playground.Cms.Resource.Http.Controllers.Playground.SnippetRouteTest" assertions="3" time="0.181530"/>
        <testcase name="test_store_as_admin_without_payload_and_fail_validation" file="/app/vendor/gammamatrix/playground-test/src/Feature/Http/Controllers/Resource/Playground/StoreTrait.php" line="62" class="Tests\Feature\Playground\Cms\Resource\Http\Controllers\Playground\SnippetRouteTest" classname="Tests.Feature.Playground.Cms.Resource.Http.Controllers.Playground.SnippetRouteTest" assertions="5" time="0.193607"/>
        <testcase name="test_store_as_admin_and_succeed" file="/app/vendor/gammamatrix/playground-test/src/Feature/Http/Controllers/Resource/Playground/StoreTrait.php" line="91" class="Tests\Feature\Playground\Cms\Resource\Http\Controllers\Playground\SnippetRouteTest" classname="Tests.Feature.Playground.Cms.Resource.Http.Controllers.Playground.SnippetRouteTest" assertions="4" time="0.219426"/>
        <testcase name="test_store_as_admin_and_succeed_with_return_url" file="/app/vendor/gammamatrix/playground-test/src/Feature/Http/Controllers/Resource/Playground/StoreTrait.php" line="136" class="Tests\Feature\Playground\Cms\Resource\Http\Controllers\Playground\SnippetRouteTest" classname="Tests.Feature.Playground.Cms.Resource.Http.Controllers.Playground.SnippetRouteTest" assertions="4" time="0.214952"/>
        <testcase name="test_json_guest_cannot_unlock" file="/app/vendor/gammamatrix/playground-test/src/Feature/Http/Controllers/Resource/Playground/UnlockJsonTrait.php" line="37" class="Tests\Feature\Playground\Cms\Resource\Http\Controllers\Playground\SnippetRouteTest" classname="Tests.Feature.Playground.Cms.Resource.Http.Controllers.Playground.SnippetRouteTest" assertions="3" time="0.183801"/>
        <testcase name="test_json_unlock_as_admin_and_succeed" file="/app/vendor/gammamatrix/playground-test/src/Feature/Http/Controllers/Resource/Playground/UnlockJsonTrait.php" line="69" class="Tests\Feature\Playground\Cms\Resource\Http\Controllers\Playground\SnippetRouteTest" classname="Tests.Feature.Playground.Cms.Resource.Http.Controllers.Playground.SnippetRouteTest" assertions="92" time="0.208343"/>
        <testcase name="test_json_unlock_as_admin_and_succeed_with_no_redirect" file="/app/vendor/gammamatrix/playground-test/src/Feature/Http/Controllers/Resource/Playground/UnlockJsonTrait.php" line="105" class="Tests\Feature\Playground\Cms\Resource\Http\Controllers\Playground\SnippetRouteTest" classname="Tests.Feature.Playground.Cms.Resource.Http.Controllers.Playground.SnippetRouteTest" assertions="92" time="0.203254"/>
        <testcase name="test_json_unlock_as_user_and_get_denied" file="/app/vendor/gammamatrix/playground-test/src/Feature/Http/Controllers/Resource/Playground/UnlockJsonTrait.php" line="146" class="Tests\Feature\Playground\Cms\Resource\Http\Controllers\Playground\SnippetRouteTest" classname="Tests.Feature.Playground.Cms.Resource.Http.Controllers.Playground.SnippetRouteTest" assertions="3" time="0.194089"/>
        <testcase name="test_guest_cannot_unlock" file="/app/vendor/gammamatrix/playground-test/src/Feature/Http/Controllers/Resource/Playground/UnlockTrait.php" line="37" class="Tests\Feature\Playground\Cms\Resource\Http\Controllers\Playground\SnippetRouteTest" classname="Tests.Feature.Playground.Cms.Resource.Http.Controllers.Playground.SnippetRouteTest" assertions="3" time="0.187618"/>
        <testcase name="test_unlock_as_admin_and_succeed" file="/app/vendor/gammamatrix/playground-test/src/Feature/Http/Controllers/Resource/Playground/UnlockTrait.php" line="69" class="Tests\Feature\Playground\Cms\Resource\Http\Controllers\Playground\SnippetRouteTest" classname="Tests.Feature.Playground.Cms.Resource.Http.Controllers.Playground.SnippetRouteTest" assertions="4" time="0.200917"/>
        <testcase name="test_unlock_as_admin_and_succeed_with_redirect_to_index_with_sorted_by_unlocked_desc" file="/app/vendor/gammamatrix/playground-test/src/Feature/Http/Controllers/Resource/Playground/UnlockTrait.php" line="110" class="Tests\Feature\Playground\Cms\Resource\Http\Controllers\Playground\SnippetRouteTest" classname="Tests.Feature.Playground.Cms.Resource.Http.Controllers.Playground.SnippetRouteTest" assertions="4" time="0.207891"/>
        <testcase name="test_unlock_as_user_and_get_denied" file="/app/vendor/gammamatrix/playground-test/src/Feature/Http/Controllers/Resource/Playground/UnlockTrait.php" line="149" class="Tests\Feature\Playground\Cms\Resource\Http\Controllers\Playground\SnippetRouteTest" classname="Tests.Feature.Playground.Cms.Resource.Http.Controllers.Playground.SnippetRouteTest" assertions="3" time="0.196498"/>
        <testcase name="test_json_guest_cannot_update" file="/app/vendor/gammamatrix/playground-test/src/Feature/Http/Controllers/Resource/Playground/UpdateJsonTrait.php" line="46" class="Tests\Feature\Playground\Cms\Resource\Http\Controllers\Playground\SnippetRouteTest" classname="Tests.Feature.Playground.Cms.Resource.Http.Controllers.Playground.SnippetRouteTest" assertions="1" time="0.187488"/>
        <testcase name="test_json_update_as_admin_without_payload_and_passes_validation" file="/app/vendor/gammamatrix/playground-test/src/Feature/Http/Controllers/Resource/Playground/UpdateJsonTrait.php" line="66" class="Tests\Feature\Playground\Cms\Resource\Http\Controllers\Playground\SnippetRouteTest" classname="Tests.Feature.Playground.Cms.Resource.Http.Controllers.Playground.SnippetRouteTest" assertions="2" time="0.230099"/>
        <testcase name="test_json_admin_can_update" file="/app/vendor/gammamatrix/playground-test/src/Feature/Http/Controllers/Resource/Playground/UpdateJsonTrait.php" line="114" class="Tests\Feature\Playground\Cms\Resource\Http\Controllers\Playground\SnippetRouteTest" classname="Tests.Feature.Playground.Cms.Resource.Http.Controllers.Playground.SnippetRouteTest" assertions="94" time="0.260932"/>
        <testcase name="test_guest_cannot_update" file="/app/vendor/gammamatrix/playground-test/src/Feature/Http/Controllers/Resource/Playground/UpdateTrait.php" line="46" class="Tests\Feature\Playground\Cms\Resource\Http\Controllers\Playground\SnippetRouteTest" classname="Tests.Feature.Playground.Cms.Resource.Http.Controllers.Playground.SnippetRouteTest" assertions="1" time="0.188923"/>
        <testcase name="test_update_as_admin_without_payload_and_passes_validation" file="/app/vendor/gammamatrix/playground-test/src/Feature/Http/Controllers/Resource/Playground/UpdateTrait.php" line="66" class="Tests\Feature\Playground\Cms\Resource\Http\Controllers\Playground\SnippetRouteTest" classname="Tests.Feature.Playground.Cms.Resource.Http.Controllers.Playground.SnippetRouteTest" assertions="3" time="0.234103"/>
        <testcase name="test_admin_can_update" file="/app/vendor/gammamatrix/playground-test/src/Feature/Http/Controllers/Resource/Playground/UpdateTrait.php" line="117" class="Tests\Feature\Playground\Cms\Resource\Http\Controllers\Playground\SnippetRouteTest" classname="Tests.Feature.Playground.Cms.Resource.Http.Controllers.Playground.SnippetRouteTest" assertions="6" time="0.258176"/>
        <testcase name="test_admin_can_update_view_with_return_url" file="/app/vendor/gammamatrix/playground-test/src/Feature/Http/Controllers/Resource/Playground/UpdateTrait.php" line="160" class="Tests\Feature\Playground\Cms\Resource\Http\Controllers\Playground\SnippetRouteTest" classname="Tests.Feature.Playground.Cms.Resource.Http.Controllers.Playground.SnippetRouteTest" assertions="6" time="0.260660"/>
      </testsuite>
      <testsuite name="Tests\Feature\Playground\Cms\Resource\Http\Requests\FormRequest\InstanceTest" file="/app/tests/Feature/Http/Requests/FormRequest/InstanceTest.php" tests="1" assertions="1" errors="0" failures="0" skipped="0" time="0.154404">
        <testcase name="test_form_request_authorize_with_admin" file="/app/tests/Feature/Http/Requests/FormRequest/InstanceTest.php" line="23" class="Tests\Feature\Playground\Cms\Resource\Http\Requests\FormRequest\InstanceTest" classname="Tests.Feature.Playground.Cms.Resource.Http.Requests.FormRequest.InstanceTest" assertions="1" time="0.154404"/>
      </testsuite>
    </testsuite>
  </testsuite>
</testsuites>
